Archive member included to satisfy reference by file (symbol)

pico-sonic\libpico_sonic.a(sonic.cpp.obj)
                              CMakeFiles/hs-sr04.dir/main.cpp.obj (sr04_sonic::sr04_sonic(int, int))
c:/progra~2/gnu arm embedded toolchain/10 2020-q4-major/bin/../lib/gcc/arm-none-eabi/10.2.1/thumb/v6-m/nofp\libgcc.a(_dvmd_tls.o)
                              CMakeFiles/hs-sr04.dir/D_/Project/PicoProject/pico-sdk/src/rp2_common/pico_divider/divider.S.obj (__aeabi_idiv0)
c:/progra~2/gnu arm embedded toolchain/10 2020-q4-major/bin/../lib/gcc/arm-none-eabi/10.2.1/../../../../arm-none-eabi/lib/thumb/v6-m/nofp\libg.a(lib_a-calloc.o)
                              CMakeFiles/hs-sr04.dir/D_/Project/PicoProject/pico-sdk/src/rp2_common/pico_malloc/pico_malloc.c.obj (calloc)
c:/progra~2/gnu arm embedded toolchain/10 2020-q4-major/bin/../lib/gcc/arm-none-eabi/10.2.1/../../../../arm-none-eabi/lib/thumb/v6-m/nofp\libg.a(lib_a-callocr.o)
                              c:/progra~2/gnu arm embedded toolchain/10 2020-q4-major/bin/../lib/gcc/arm-none-eabi/10.2.1/../../../../arm-none-eabi/lib/thumb/v6-m/nofp\libg.a(lib_a-calloc.o) (_calloc_r)
c:/progra~2/gnu arm embedded toolchain/10 2020-q4-major/bin/../lib/gcc/arm-none-eabi/10.2.1/../../../../arm-none-eabi/lib/thumb/v6-m/nofp\libg.a(lib_a-impure.o)
                              c:/progra~2/gnu arm embedded toolchain/10 2020-q4-major/bin/../lib/gcc/arm-none-eabi/10.2.1/../../../../arm-none-eabi/lib/thumb/v6-m/nofp\libg.a(lib_a-calloc.o) (_impure_ptr)
c:/progra~2/gnu arm embedded toolchain/10 2020-q4-major/bin/../lib/gcc/arm-none-eabi/10.2.1/../../../../arm-none-eabi/lib/thumb/v6-m/nofp\libg.a(lib_a-init.o)
                              c:/progra~2/gnu arm embedded toolchain/10 2020-q4-major/bin/../lib/gcc/arm-none-eabi/10.2.1/../../../../arm-none-eabi/lib/thumb/v6-m/nofp/crt0.o (__libc_init_array)
c:/progra~2/gnu arm embedded toolchain/10 2020-q4-major/bin/../lib/gcc/arm-none-eabi/10.2.1/../../../../arm-none-eabi/lib/thumb/v6-m/nofp\libg.a(lib_a-malloc.o)
                              CMakeFiles/hs-sr04.dir/D_/Project/PicoProject/pico-sdk/src/rp2_common/pico_malloc/pico_malloc.c.obj (malloc)
c:/progra~2/gnu arm embedded toolchain/10 2020-q4-major/bin/../lib/gcc/arm-none-eabi/10.2.1/../../../../arm-none-eabi/lib/thumb/v6-m/nofp\libg.a(lib_a-mallocr.o)
                              c:/progra~2/gnu arm embedded toolchain/10 2020-q4-major/bin/../lib/gcc/arm-none-eabi/10.2.1/../../../../arm-none-eabi/lib/thumb/v6-m/nofp\libg.a(lib_a-callocr.o) (_malloc_r)
c:/progra~2/gnu arm embedded toolchain/10 2020-q4-major/bin/../lib/gcc/arm-none-eabi/10.2.1/../../../../arm-none-eabi/lib/thumb/v6-m/nofp\libg.a(lib_a-mlock.o)
                              c:/progra~2/gnu arm embedded toolchain/10 2020-q4-major/bin/../lib/gcc/arm-none-eabi/10.2.1/../../../../arm-none-eabi/lib/thumb/v6-m/nofp\libg.a(lib_a-mallocr.o) (__malloc_lock)
c:/progra~2/gnu arm embedded toolchain/10 2020-q4-major/bin/../lib/gcc/arm-none-eabi/10.2.1/../../../../arm-none-eabi/lib/thumb/v6-m/nofp\libg.a(lib_a-realloc.o)
                              CMakeFiles/hs-sr04.dir/D_/Project/PicoProject/pico-sdk/src/rp2_common/pico_malloc/pico_malloc.c.obj (realloc)
c:/progra~2/gnu arm embedded toolchain/10 2020-q4-major/bin/../lib/gcc/arm-none-eabi/10.2.1/../../../../arm-none-eabi/lib/thumb/v6-m/nofp\libg.a(lib_a-reallocr.o)
                              c:/progra~2/gnu arm embedded toolchain/10 2020-q4-major/bin/../lib/gcc/arm-none-eabi/10.2.1/../../../../arm-none-eabi/lib/thumb/v6-m/nofp\libg.a(lib_a-realloc.o) (_realloc_r)
c:/progra~2/gnu arm embedded toolchain/10 2020-q4-major/bin/../lib/gcc/arm-none-eabi/10.2.1/../../../../arm-none-eabi/lib/thumb/v6-m/nofp\libg.a(lib_a-sbrkr.o)
                              c:/progra~2/gnu arm embedded toolchain/10 2020-q4-major/bin/../lib/gcc/arm-none-eabi/10.2.1/../../../../arm-none-eabi/lib/thumb/v6-m/nofp\libg.a(lib_a-mallocr.o) (_sbrk_r)
c:/progra~2/gnu arm embedded toolchain/10 2020-q4-major/bin/../lib/gcc/arm-none-eabi/10.2.1/../../../../arm-none-eabi/lib/thumb/v6-m/nofp\libg.a(lib_a-strlen-stub.o)
                              CMakeFiles/hs-sr04.dir/D_/Project/PicoProject/pico-sdk/src/rp2_common/pico_stdio/stdio.c.obj (strlen)
c:/progra~2/gnu arm embedded toolchain/10 2020-q4-major/bin/../lib/gcc/arm-none-eabi/10.2.1/../../../../arm-none-eabi/lib/thumb/v6-m/nofp\libg.a(lib_a-freer.o)
                              c:/progra~2/gnu arm embedded toolchain/10 2020-q4-major/bin/../lib/gcc/arm-none-eabi/10.2.1/../../../../arm-none-eabi/lib/thumb/v6-m/nofp\libg.a(lib_a-malloc.o) (_free_r)
c:/progra~2/gnu arm embedded toolchain/10 2020-q4-major/bin/../lib/gcc/arm-none-eabi/10.2.1/../../../../arm-none-eabi/lib/thumb/v6-m/nofp\libg.a(lib_a-lock.o)
                              c:/progra~2/gnu arm embedded toolchain/10 2020-q4-major/bin/../lib/gcc/arm-none-eabi/10.2.1/../../../../arm-none-eabi/lib/thumb/v6-m/nofp\libg.a(lib_a-mlock.o) (__retarget_lock_acquire_recursive)
[...]
Memory Configuration

Name             Origin             Length             Attributes
FLASH            0x10000000         0x00200000         xr
RAM              0x20000000         0x00040000         xrw
SCRATCH_X        0x20040000         0x00001000         xrw
SCRATCH_Y        0x20041000         0x00001000         xrw
*default*        0x00000000         0xffffffff

Linker script and memory map

LOAD c:/progra~2/gnu arm embedded toolchain/10 2020-q4-major/bin/../lib/gcc/arm-none-eabi/10.2.1/thumb/v6-m/nofp/crti.o
LOAD c:/progra~2/gnu arm embedded toolchain/10 2020-q4-major/bin/../lib/gcc/arm-none-eabi/10.2.1/thumb/v6-m/nofp/crtbegin.o
LOAD c:/progra~2/gnu arm embedded toolchain/10 2020-q4-major/bin/../lib/gcc/arm-none-eabi/10.2.1/../../../../arm-none-eabi/lib/thumb/v6-m/nofp/crt0.o

.flash_begin    0x10000000        0x0
                0x10000000                __flash_binary_start = .

.boot2          0x10000000      0x100
                0x10000000                __boot2_start__ = .
 *(.boot2)
 .boot2         0x10000000      0x100 C:\Users\dell\AppData\Local\Temp\cca5ts1A.o
                0x10000100                __boot2_end__ = .
                0x00000001                ASSERT (((__boot2_end__ - __boot2_start__) == 0x100), ERROR: Pico second stage bootloader must be 256 bytes in size)

.text           0x10000100     0x4360
                0x10000100                __logical_binary_start = .
 *(.vectors)
 .vectors       0x10000100       0xd4 CMakeFiles/hs-sr04.dir/D_/Project/PicoProject/pico-sdk/src/rp2_common/pico_standard_link/crt0.S.obj
                0x10000100                __VECTOR_TABLE
                0x10000100                __vectors
                0x100001c0                isr_invalid
                0x100001c0                __default_isrs_start
                0x100001c2                isr_nmi
                0x100001c4                isr_hardfault
                0x100001c6                isr_svcall
                0x100001c8                isr_pendsv
                0x100001ca                isr_systick
                0x100001cc                isr_irq23
                0x100001cc                isr_irq18
                0x100001cc                isr_irq11
                0x100001cc                isr_irq28
                0x100001cc                isr_irq19
                0x100001cc                isr_irq0
                0x100001cc                isr_irq6
                0x100001cc                isr_irq5
                0x100001cc                isr_irq12
                0x100001cc                isr_irq22
                0x100001cc                isr_irq31
                0x100001cc                isr_irq17
                0x100001cc                isr_irq27
                0x100001cc                isr_irq30
                0x100001cc                isr_irq2
                0x100001cc                isr_irq10
                0x100001cc                isr_irq8
                0x100001cc                isr_irq24
                0x100001cc                isr_irq1
                0x100001cc                isr_irq7
                0x100001cc                isr_irq21
                0x100001cc                isr_irq20
                0x100001cc                isr_irq15
                0x100001cc                isr_irq25
                0x100001cc                isr_irq13
                0x100001cc                __unhandled_user_irq
                0x100001cc                isr_irq4
                0x100001cc                isr_irq16
                0x100001cc                isr_irq29
                0x100001cc                isr_irq26
                0x100001cc                __default_isrs_end
                0x100001cc                isr_irq3
                0x100001cc                isr_irq14
                0x100001cc                isr_irq9
                0x100001d2                unhandled_user_irq_num_in_r0
 *(.binary_info_header)
 .binary_info_header
                0x100001d4       0x14 CMakeFiles/hs-sr04.dir/D_/Project/PicoProject/pico-sdk/src/rp2_common/pico_standard_link/crt0.S.obj
                0x100001e8                __binary_info_header_end = .
 *(.reset)
 .reset         0x100001e8       0xa8 CMakeFiles/hs-sr04.dir/D_/Project/PicoProject/pico-sdk/src/rp2_common/pico_standard_link/crt0.S.obj
                0x100001e8                _entry_point
                0x10000266                __get_current_exception
 .reset         0x10000290       0x30 CMakeFiles/hs-sr04.dir/D_/Project/PicoProject/pico-sdk/src/rp2_common/pico_standard_link/binary_info.c.obj
 *(.init)
 .init          0x100002c0        0x4 c:/progra~2/gnu arm embedded toolchain/10 2020-q4-major/bin/../lib/gcc/arm-none-eabi/10.2.1/thumb/v6-m/nofp/crti.o
                0x100002c0                _init
 *(EXCLUDE_FILE(*libm.a: *libc.a:*lib_a-mem*.o *libgcc.a:) .text*)
 .text          0x100002c4       0x48 c:/progra~2/gnu arm embedded toolchain/10 2020-q4-major/bin/../lib/gcc/arm-none-eabi/10.2.1/thumb/v6-m/nofp/crtbegin.o
 .text.main     0x1000030c       0x30 CMakeFiles/hs-sr04.dir/main.cpp.obj
                0x1000030c                main
 .text.gpio_set_function
                0x1000033c       0x30 CMakeFiles/hs-sr04.dir/D_/Project/PicoProject/pico-sdk/src/rp2_common/hardware_gpio/gpio.c.obj
                0x1000033c                gpio_set_function
 .text.gpio_init
                0x1000036c       0x16 CMakeFiles/hs-sr04.dir/D_/Project/PicoProject/pico-sdk/src/rp2_common/hardware_gpio/gpio.c.obj
                0x1000036c                gpio_init
 *fill*         0x10000382        0x2 
 .text.hw_claim_lock
                0x10000384       0x18 CMakeFiles/hs-sr04.dir/D_/Project/PicoProject/pico-sdk/src/rp2_common/hardware_claim/claim.c.obj
                0x10000384                hw_claim_lock
 .text.hw_claim_unlock
                0x1000039c       0x14 CMakeFiles/hs-sr04.dir/D_/Project/PicoProject/pico-sdk/src/rp2_common/hardware_claim/claim.c.obj
                0x1000039c                hw_claim_unlock
 .text.hw_claim_or_assert
                0x100003b0       0x32 CMakeFiles/hs-sr04.dir/D_/Project/PicoProject/pico-sdk/src/rp2_common/hardware_claim/claim.c.obj
                0x100003b0                hw_claim_or_assert
 *fill*         0x100003e2        0x2 
 .text.running_on_fpga
                0x100003e4       0x14 CMakeFiles/hs-sr04.dir/D_/Project/PicoProject/pico-sdk/src/rp2_common/pico_platform/platform.c.obj
                0x100003e4                running_on_fpga
 .text.spin_locks_reset
                0x100003f8       0x20 CMakeFiles/hs-sr04.dir/D_/Project/PicoProject/pico-sdk/src/rp2_common/hardware_sync/sync.c.obj
                0x100003f8                spin_locks_reset
 .text.next_striped_spin_lock_num
                0x10000418       0x1c CMakeFiles/hs-sr04.dir/D_/Project/PicoProject/pico-sdk/src/rp2_common/hardware_sync/sync.c.obj
                0x10000418                next_striped_spin_lock_num
 .text.set_raw_irq_handler_and_unlock
                0x10000434       0x28 CMakeFiles/hs-sr04.dir/D_/Project/PicoProject/pico-sdk/src/rp2_common/hardware_irq/irq.c.obj
 .text.make_branch
                0x1000045c       0x48 CMakeFiles/hs-sr04.dir/D_/Project/PicoProject/pico-sdk/src/rp2_common/hardware_irq/irq.c.obj
 .text.insert_branch_and_link
                0x100004a4       0x40 CMakeFiles/hs-sr04.dir/D_/Project/PicoProject/pico-sdk/src/rp2_common/hardware_irq/irq.c.obj
 .text.irq_is_enabled
                0x100004e4       0x18 CMakeFiles/hs-sr04.dir/D_/Project/PicoProject/pico-sdk/src/rp2_common/hardware_irq/irq.c.obj
                0x100004e4                irq_is_enabled
 .text.irq_set_mask_enabled
                0x100004fc       0x20 CMakeFiles/hs-sr04.dir/D_/Project/PicoProject/pico-sdk/src/rp2_common/hardware_irq/irq.c.obj
                0x100004fc                irq_set_mask_enabled
 .text.irq_set_enabled
                0x1000051c        0xe CMakeFiles/hs-sr04.dir/D_/Project/PicoProject/pico-sdk/src/rp2_common/hardware_irq/irq.c.obj
                0x1000051c                irq_set_enabled
 *fill*         0x1000052a        0x2 
 .text.irq_get_vtable_handler
                0x1000052c       0x10 CMakeFiles/hs-sr04.dir/D_/Project/PicoProject/pico-sdk/src/rp2_common/hardware_irq/irq.c.obj
                0x1000052c                irq_get_vtable_handler
 .text.irq_set_exclusive_handler
                0x1000053c       0x54 CMakeFiles/hs-sr04.dir/D_/Project/PicoProject/pico-sdk/src/rp2_common/hardware_irq/irq.c.obj
                0x1000053c                irq_set_exclusive_handler
 .text.irq_remove_handler
                0x10000590      0x1a8 CMakeFiles/hs-sr04.dir/D_/Project/PicoProject/pico-sdk/src/rp2_common/hardware_irq/irq.c.obj
                0x10000590                irq_remove_handler
 .text.irq_add_tail_to_free_list
                0x10000738       0xf0 CMakeFiles/hs-sr04.dir/D_/Project/PicoProject/pico-sdk/src/rp2_common/hardware_irq/irq.c.obj
                0x10000738                irq_add_tail_to_free_list
 .text.irq_init_priorities
                0x10000828       0x1c CMakeFiles/hs-sr04.dir/D_/Project/PicoProject/pico-sdk/src/rp2_common/hardware_irq/irq.c.obj
                0x10000828                irq_init_priorities
 .text.lock_init
                0x10000844       0x10 CMakeFiles/hs-sr04.dir/D_/Project/PicoProject/pico-sdk/src/common/pico_sync/lock_core.c.obj
                0x10000844                lock_init
 .text.alarm_pool_post_alloc_init
                0x10000854       0x40 CMakeFiles/hs-sr04.dir/D_/Project/PicoProject/pico-sdk/src/common/pico_time/time.c.obj
 .text.sleep_until_callback
                0x10000894       0x30 CMakeFiles/hs-sr04.dir/D_/Project/PicoProject/pico-sdk/src/common/pico_time/time.c.obj
 .text.timer_pool_entry_comparator
                0x100008c4       0x7c CMakeFiles/hs-sr04.dir/D_/Project/PicoProject/pico-sdk/src/common/pico_time/time.c.obj
                0x100008c4                timer_pool_entry_comparator
 .text.ph_add_child_node
                0x10000940       0xa4 CMakeFiles/hs-sr04.dir/D_/Project/PicoProject/pico-sdk/src/common/pico_time/time.c.obj
 .text.ph_merge_nodes
                0x100009e4       0x3e CMakeFiles/hs-sr04.dir/D_/Project/PicoProject/pico-sdk/src/common/pico_time/time.c.obj
 *fill*         0x10000a22        0x2 
 .text.add_alarm_under_lock
                0x10000a24      0x174 CMakeFiles/hs-sr04.dir/D_/Project/PicoProject/pico-sdk/src/common/pico_time/time.c.obj
 .text.alarm_pool_alarm_callback
                0x10000b98      0x328 CMakeFiles/hs-sr04.dir/D_/Project/PicoProject/pico-sdk/src/common/pico_time/time.c.obj
 .text.alarm_pool_init_default
                0x10000ec0       0x38 CMakeFiles/hs-sr04.dir/D_/Project/PicoProject/pico-sdk/src/common/pico_time/time.c.obj
                0x10000ec0                alarm_pool_init_default
 .text.alarm_pool_get_default
                0x10000ef8       0x2c CMakeFiles/hs-sr04.dir/D_/Project/PicoProject/pico-sdk/src/common/pico_time/time.c.obj
                0x10000ef8                alarm_pool_get_default
 .text.alarm_pool_add_alarm_at
                0x10000f24      0x170 CMakeFiles/hs-sr04.dir/D_/Project/PicoProject/pico-sdk/src/common/pico_time/time.c.obj
                0x10000f24                alarm_pool_add_alarm_at
 .text.sleep_until
                0x10001094       0xfc CMakeFiles/hs-sr04.dir/D_/Project/PicoProject/pico-sdk/src/common/pico_time/time.c.obj
                0x10001094                sleep_until
 .text.sleep_us
                0x10001190       0x58 CMakeFiles/hs-sr04.dir/D_/Project/PicoProject/pico-sdk/src/common/pico_time/time.c.obj
                0x10001190                sleep_us
 .text.sleep_ms
                0x100011e8       0x14 CMakeFiles/hs-sr04.dir/D_/Project/PicoProject/pico-sdk/src/common/pico_time/time.c.obj
                0x100011e8                sleep_ms
 .text.hardware_alarm_irq_handler
                0x100011fc       0x8c CMakeFiles/hs-sr04.dir/D_/Project/PicoProject/pico-sdk/src/rp2_common/hardware_timer/timer.c.obj
 .text.hardware_alarm_claim
                0x10001288       0x18 CMakeFiles/hs-sr04.dir/D_/Project/PicoProject/pico-sdk/src/rp2_common/hardware_timer/timer.c.obj
                0x10001288                hardware_alarm_claim
 .text.time_us_64
                0x100012a0       0x18 CMakeFiles/hs-sr04.dir/D_/Project/PicoProject/pico-sdk/src/rp2_common/hardware_timer/timer.c.obj
                0x100012a0                time_us_64
 .text.busy_wait_until
                0x100012b8       0x28 CMakeFiles/hs-sr04.dir/D_/Project/PicoProject/pico-sdk/src/rp2_common/hardware_timer/timer.c.obj
                0x100012b8                busy_wait_until
 .text.hardware_alarm_set_callback
                0x100012e0       0x90 CMakeFiles/hs-sr04.dir/D_/Project/PicoProject/pico-sdk/src/rp2_common/hardware_timer/timer.c.obj
                0x100012e0                hardware_alarm_set_callback
 .text.hardware_alarm_set_target
                0x10001370       0xe8 CMakeFiles/hs-sr04.dir/D_/Project/PicoProject/pico-sdk/src/rp2_common/hardware_timer/timer.c.obj
                0x10001370                hardware_alarm_set_target
 .text.hardware_alarm_cancel
                0x10001458       0x40 CMakeFiles/hs-sr04.dir/D_/Project/PicoProject/pico-sdk/src/rp2_common/hardware_timer/timer.c.obj
                0x10001458                hardware_alarm_cancel
 .text.ph_add_child_node
                0x10001498       0xa4 CMakeFiles/hs-sr04.dir/D_/Project/PicoProject/pico-sdk/src/common/pico_util/pheap.c.obj
 .text.ph_merge_nodes
                0x1000153c       0x3e CMakeFiles/hs-sr04.dir/D_/Project/PicoProject/pico-sdk/src/common/pico_util/pheap.c.obj
 *fill*         0x1000157a        0x2 
 .text.ph_clear
                0x1000157c       0x70 CMakeFiles/hs-sr04.dir/D_/Project/PicoProject/pico-sdk/src/common/pico_util/pheap.c.obj
                0x1000157c                ph_clear
 .text.ph_post_alloc_init
                0x100015ec        0xe CMakeFiles/hs-sr04.dir/D_/Project/PicoProject/pico-sdk/src/common/pico_util/pheap.c.obj
                0x100015ec                ph_post_alloc_init
 *fill*         0x100015fa        0x2 
 .text.ph_merge_two_pass
                0x100015fc       0xa8 CMakeFiles/hs-sr04.dir/D_/Project/PicoProject/pico-sdk/src/common/pico_util/pheap.c.obj
                0x100015fc                ph_merge_two_pass
 .text.ph_remove_any_head
                0x100016a4      0x108 CMakeFiles/hs-sr04.dir/D_/Project/PicoProject/pico-sdk/src/common/pico_util/pheap.c.obj
 .text.ph_remove_head
                0x100017ac       0x14 CMakeFiles/hs-sr04.dir/D_/Project/PicoProject/pico-sdk/src/common/pico_util/pheap.c.obj
                0x100017ac                ph_remove_head
 .text.ph_remove_and_free_node
                0x100017c0       0xf8 CMakeFiles/hs-sr04.dir/D_/Project/PicoProject/pico-sdk/src/common/pico_util/pheap.c.obj
                0x100017c0                ph_remove_and_free_node
 .text.mutex_init
                0x100018b8       0x1a CMakeFiles/hs-sr04.dir/D_/Project/PicoProject/pico-sdk/src/common/pico_sync/mutex.c.obj
                0x100018b8                mutex_init
 .text.recursive_mutex_init
                0x100018d2       0x1e CMakeFiles/hs-sr04.dir/D_/Project/PicoProject/pico-sdk/src/common/pico_sync/mutex.c.obj
                0x100018d2                recursive_mutex_init
 .text.uart_set_baudrate
                0x100018f0       0x5c CMakeFiles/hs-sr04.dir/D_/Project/PicoProject/pico-sdk/src/rp2_common/hardware_uart/uart.c.obj
                0x100018f0                uart_set_baudrate
 .text.uart_set_translate_crlf
                0x1000194c       0x28 CMakeFiles/hs-sr04.dir/D_/Project/PicoProject/pico-sdk/src/rp2_common/hardware_uart/uart.c.obj
                0x1000194c                uart_set_translate_crlf
 .text.uart_init
                0x10001974       0x80 CMakeFiles/hs-sr04.dir/D_/Project/PicoProject/pico-sdk/src/rp2_common/hardware_uart/uart.c.obj
                0x10001974                uart_init
 .text._exit    0x100019f4        0x4 CMakeFiles/hs-sr04.dir/D_/Project/PicoProject/pico-sdk/src/rp2_common/pico_runtime/runtime.c.obj
                0x100019f4                _exit
 .text.exit     0x100019f8        0x6 CMakeFiles/hs-sr04.dir/D_/Project/PicoProject/pico-sdk/src/rp2_common/pico_runtime/runtime.c.obj
                0x100019f8                exit
 *fill*         0x100019fe        0x2 
 .text.__assert_func
                0x10001a00       0x3c CMakeFiles/hs-sr04.dir/D_/Project/PicoProject/pico-sdk/src/rp2_common/pico_runtime/runtime.c.obj
                0x10001a00                __assert_func
 .text.runtime_init
                0x10001a3c       0xf8 CMakeFiles/hs-sr04.dir/D_/Project/PicoProject/pico-sdk/src/rp2_common/pico_runtime/runtime.c.obj
                0x10001a3c                runtime_init
 .text.panic    0x10001b34       0x30 CMakeFiles/hs-sr04.dir/D_/Project/PicoProject/pico-sdk/src/rp2_common/pico_runtime/runtime.c.obj
                0x10001b34                panic
 .text.clock_configure
                0x10001b64      0x104 CMakeFiles/hs-sr04.dir/D_/Project/PicoProject/pico-sdk/src/rp2_common/hardware_clocks/clocks.c.obj
                0x10001b64                clock_configure
 .text.clocks_init
                0x10001c68      0x100 CMakeFiles/hs-sr04.dir/D_/Project/PicoProject/pico-sdk/src/rp2_common/hardware_clocks/clocks.c.obj
                0x10001c68                clocks_init
 .text.clock_get_hz
                0x10001d68        0xc CMakeFiles/hs-sr04.dir/D_/Project/PicoProject/pico-sdk/src/rp2_common/hardware_clocks/clocks.c.obj
                0x10001d68                clock_get_hz
 .text.pll_init
                0x10001d74      0x140 CMakeFiles/hs-sr04.dir/D_/Project/PicoProject/pico-sdk/src/rp2_common/hardware_pll/pll.c.obj
                0x10001d74                pll_init
 .text.watchdog_start_tick
                0x10001eb4       0x10 CMakeFiles/hs-sr04.dir/D_/Project/PicoProject/pico-sdk/src/rp2_common/hardware_watchdog/watchdog.c.obj
                0x10001eb4                watchdog_start_tick
 .text.xosc_init
                0x10001ec4       0x28 CMakeFiles/hs-sr04.dir/D_/Project/PicoProject/pico-sdk/src/rp2_common/hardware_xosc/xosc.c.obj
                0x10001ec4                xosc_init
 .text._out_null
                0x10001eec        0x2 CMakeFiles/hs-sr04.dir/D_/Project/PicoProject/pico-sdk/src/rp2_common/pico_printf/printf.c.obj
 .text._out_fct
                0x10001eee        0xe CMakeFiles/hs-sr04.dir/D_/Project/PicoProject/pico-sdk/src/rp2_common/pico_printf/printf.c.obj
 .text._atoi    0x10001efc       0x24 CMakeFiles/hs-sr04.dir/D_/Project/PicoProject/pico-sdk/src/rp2_common/pico_printf/printf.c.obj
 .text._out_rev
                0x10001f20       0xae CMakeFiles/hs-sr04.dir/D_/Project/PicoProject/pico-sdk/src/rp2_common/pico_printf/printf.c.obj
 .text._ntoa_format
                0x10001fce      0x112 CMakeFiles/hs-sr04.dir/D_/Project/PicoProject/pico-sdk/src/rp2_common/pico_printf/printf.c.obj
 .text._ntoa_long
                0x100020e0       0xbc CMakeFiles/hs-sr04.dir/D_/Project/PicoProject/pico-sdk/src/rp2_common/pico_printf/printf.c.obj
 .text._ntoa_long_long
                0x1000219c       0xe2 CMakeFiles/hs-sr04.dir/D_/Project/PicoProject/pico-sdk/src/rp2_common/pico_printf/printf.c.obj
 *fill*         0x1000227e        0x2 
 .text._etoa    0x10002280      0x414 CMakeFiles/hs-sr04.dir/D_/Project/PicoProject/pico-sdk/src/rp2_common/pico_printf/printf.c.obj
 .text._ftoa    0x10002694      0x354 CMakeFiles/hs-sr04.dir/D_/Project/PicoProject/pico-sdk/src/rp2_common/pico_printf/printf.c.obj
 .text._vsnprintf
                0x100029e8      0x624 CMakeFiles/hs-sr04.dir/D_/Project/PicoProject/pico-sdk/src/rp2_common/pico_printf/printf.c.obj
 .text.vfctprintf
                0x1000300c       0x20 CMakeFiles/hs-sr04.dir/D_/Project/PicoProject/pico-sdk/src/rp2_common/pico_printf/printf.c.obj
                0x1000300c                vfctprintf
 .text          0x1000302c       0x10 CMakeFiles/hs-sr04.dir/D_/Project/PicoProject/pico-sdk/src/rp2_common/pico_bit_ops/bit_ops_aeabi.S.obj
 .text.rom_func_lookup
                0x1000303c       0x10 CMakeFiles/hs-sr04.dir/D_/Project/PicoProject/pico-sdk/src/rp2_common/pico_bootrom/bootrom.c.obj
                0x1000303c                rom_func_lookup
 .text.rom_data_lookup
                0x1000304c       0x10 CMakeFiles/hs-sr04.dir/D_/Project/PicoProject/pico-sdk/src/rp2_common/pico_bootrom/bootrom.c.obj
                0x1000304c                rom_data_lookup
 .text.rom_funcs_lookup
                0x1000305c       0x36 CMakeFiles/hs-sr04.dir/D_/Project/PicoProject/pico-sdk/src/rp2_common/pico_bootrom/bootrom.c.obj
                0x1000305c                rom_funcs_lookup
 *fill*         0x10003092        0x2 
 .text.__wrap___aeabi_idiv
                0x10003094       0x50 CMakeFiles/hs-sr04.dir/D_/Project/PicoProject/pico-sdk/src/rp2_common/pico_divider/divider.S.obj
                0x10003094                __wrap___aeabi_idivmod
                0x10003094                divmod_s32s32
                0x10003094                div_s32s32
                0x10003094                __wrap___aeabi_idiv
                0x1000309c                divmod_s32s32_unsafe
                0x100030c8                divmod_s32s32_savestate
 .text.__wrap___aeabi_uidiv
                0x100030e4       0x4c CMakeFiles/hs-sr04.dir/D_/Project/PicoProject/pico-sdk/src/rp2_common/pico_divider/divider.S.obj
                0x100030e4                __wrap___aeabi_uidiv
                0x100030e4                __wrap___aeabi_uidivmod
                0x100030e4                div_u32u32
                0x100030e4                divmod_u32u32
                0x100030ec                divmod_u32u32_unsafe
                0x10003114                divmod_u32u32_savestate
 .text.__wrap___aeabi_ldiv
                0x10003130      0x434 CMakeFiles/hs-sr04.dir/D_/Project/PicoProject/pico-sdk/src/rp2_common/pico_divider/divider.S.obj
                0x10003130                div_s64s64
                0x10003130                divmod_s64s64
                0x10003130                __wrap___aeabi_ldivmod
                0x10003168                divmod_u64u64
                0x10003168                div_u64u64
                0x10003168                __wrap___aeabi_uldivmod
                0x10003178                divmod_u64u64_savestate
                0x100031a0                divmod_s64s64_unsafe
                0x10003228                divmod_u64u64_unsafe
 .text.__wrap___aeabi_darithmetic
                0x10003564       0x80 CMakeFiles/hs-sr04.dir/D_/Project/PicoProject/pico-sdk/src/rp2_common/pico_double/double_aeabi.S.obj
                0x10003564                __wrap___aeabi_drsub
                0x1000356a                __wrap___aeabi_dsub
                0x1000357c                __wrap___aeabi_dadd
                0x1000358e                __wrap___aeabi_ddiv
                0x100035ca                __wrap___aeabi_dmul
 .text.__wrap___aeabi_cdcmple
                0x100035e4       0x6c CMakeFiles/hs-sr04.dir/D_/Project/PicoProject/pico-sdk/src/rp2_common/pico_double/double_aeabi.S.obj
                0x100035e4                __wrap___aeabi_cdrcmple
                0x100035f4                __wrap___aeabi_cdcmpeq
                0x100035f4                __wrap___aeabi_cdcmple
 .text.__wrap___aeabi_dcmplt
                0x10003650        0xc CMakeFiles/hs-sr04.dir/D_/Project/PicoProject/pico-sdk/src/rp2_common/pico_double/double_aeabi.S.obj
                0x10003650                __wrap___aeabi_dcmplt
 .text.__wrap___aeabi_dcmple
                0x1000365c       0x10 CMakeFiles/hs-sr04.dir/D_/Project/PicoProject/pico-sdk/src/rp2_common/pico_double/double_aeabi.S.obj
                0x1000365c                __wrap___aeabi_dcmple
 .text.__wrap___aeabi_dcmpge
                0x1000366c       0x10 CMakeFiles/hs-sr04.dir/D_/Project/PicoProject/pico-sdk/src/rp2_common/pico_double/double_aeabi.S.obj
                0x1000366c                __wrap___aeabi_dcmpge
 .text.__wrap___aeabi_dcmpgt
                0x1000367c        0xa CMakeFiles/hs-sr04.dir/D_/Project/PicoProject/pico-sdk/src/rp2_common/pico_double/double_aeabi.S.obj
                0x1000367c                __wrap___aeabi_dcmpgt
 .text.__wrap___aeabi_dcmpun
                0x10003686       0x1c CMakeFiles/hs-sr04.dir/D_/Project/PicoProject/pico-sdk/src/rp2_common/pico_double/double_aeabi.S.obj
                0x10003686                __wrap___aeabi_dcmpun
 *fill*         0x100036a2        0x2 
 .text.__wrap___aeabi_i2d
                0x100036a4       0x38 CMakeFiles/hs-sr04.dir/D_/Project/PicoProject/pico-sdk/src/rp2_common/pico_double/double_aeabi.S.obj
                0x100036a4                __wrap___aeabi_ui2d
                0x100036ac                __wrap___aeabi_i2d
 .text.__wrap___aeabi_d2iz
                0x100036dc       0x48 CMakeFiles/hs-sr04.dir/D_/Project/PicoProject/pico-sdk/src/rp2_common/pico_double/double_aeabi.S.obj
                0x100036dc                double2int_z
                0x100036dc                __wrap___aeabi_d2iz
 .text.__wrap___aeabi_d2uiz
                0x10003724       0x18 CMakeFiles/hs-sr04.dir/D_/Project/PicoProject/pico-sdk/src/rp2_common/pico_double/double_aeabi.S.obj
                0x10003724                __wrap___aeabi_d2uiz
                0x10003724                double2uint
 .text.__aeabi_double_init
                0x1000373c       0xc8 CMakeFiles/hs-sr04.dir/D_/Project/PicoProject/pico-sdk/src/rp2_common/pico_double/double_init_rom.c.obj
                0x1000373c                __aeabi_double_init
 .text.double_table_shim_on_use_helper
                0x10003804       0x34 CMakeFiles/hs-sr04.dir/D_/Project/PicoProject/pico-sdk/src/rp2_common/pico_double/double_v1_rom_shim.S.obj
                0x10003804                double_table_shim_on_use_helper
 .text.__wrap___aeabi_dsub
                0x10003838       0x10 CMakeFiles/hs-sr04.dir/D_/Project/PicoProject/pico-sdk/src/rp2_common/pico_double/double_v1_rom_shim.S.obj
                0x10003838                drsub_shim
                0x1000383e                dsub_shim
 .text.dadd_shim
                0x10003848      0x15c CMakeFiles/hs-sr04.dir/D_/Project/PicoProject/pico-sdk/src/rp2_common/pico_double/double_v1_rom_shim.S.obj
                0x10003848                dadd_shim
 .text.dmul_shim
                0x100039a4      0x15c CMakeFiles/hs-sr04.dir/D_/Project/PicoProject/pico-sdk/src/rp2_common/pico_double/double_v1_rom_shim.S.obj
                0x100039a4                dmul_shim
 .text.ddiv_shim
                0x10003b00      0x1b0 CMakeFiles/hs-sr04.dir/D_/Project/PicoProject/pico-sdk/src/rp2_common/pico_double/double_v1_rom_shim.S.obj
                0x10003b00                ddiv_shim
 .text.double2uint_shim
                0x10003cb0        0xe CMakeFiles/hs-sr04.dir/D_/Project/PicoProject/pico-sdk/src/rp2_common/pico_double/double_v1_rom_shim.S.obj
                0x10003cb0                double2uint_shim
                0x10003cb2                double2ufix_shim
 *fill*         0x10003cbe        0x2 
 .text.double2uint64_shim
                0x10003cc0       0x70 CMakeFiles/hs-sr04.dir/D_/Project/PicoProject/pico-sdk/src/rp2_common/pico_double/double_v1_rom_shim.S.obj
                0x10003cc0                double2uint64_shim
                0x10003cc2                double2ufix64_shim
                0x10003ce2                d2fix_a
 .text.dunpacks
                0x10003d30       0x3c CMakeFiles/hs-sr04.dir/D_/Project/PicoProject/pico-sdk/src/rp2_common/pico_double/double_v1_rom_shim.S.obj
                0x10003d30                dunpacks
 .text.__aeabi_lmul
                0x10003d6c       0x32 CMakeFiles/hs-sr04.dir/D_/Project/PicoProject/pico-sdk/src/rp2_common/pico_int64_ops/pico_int64_ops_aeabi.S.obj
                0x10003d6c                __wrap___aeabi_lmul
 *fill*         0x10003d9e        0x2 
 .text.__aeabi_float_init
                0x10003da0       0xfc CMakeFiles/hs-sr04.dir/D_/Project/PicoProject/pico-sdk/src/rp2_common/pico_float/float_init_rom.c.obj
                0x10003da0                __aeabi_float_init
 .text.float_table_shim_on_use_helper
                0x10003e9c       0x34 CMakeFiles/hs-sr04.dir/D_/Project/PicoProject/pico-sdk/src/rp2_common/pico_float/float_v1_rom_shim.S.obj
                0x10003e9c                float_table_shim_on_use_helper
 .text          0x10003ed0       0x10 CMakeFiles/hs-sr04.dir/D_/Project/PicoProject/pico-sdk/src/rp2_common/pico_mem_ops/mem_ops_aeabi.S.obj
                0x10003ed0                __aeabi_mem_init
 .text.memset   0x10003ee0        0xc CMakeFiles/hs-sr04.dir/D_/Project/PicoProject/pico-sdk/src/rp2_common/pico_mem_ops/mem_ops_aeabi.S.obj
                0x10003ee0                __wrap_memset
 .text.memcpy   0x10003eec        0xc CMakeFiles/hs-sr04.dir/D_/Project/PicoProject/pico-sdk/src/rp2_common/pico_mem_ops/mem_ops_aeabi.S.obj
                0x10003eec                __wrap_memcpy
                0x10003eec                __wrap___aeabi_memcpy
 .text.stdio_out_chars_no_crlf
                0x10003ef8        0xe CMakeFiles/hs-sr04.dir/D_/Project/PicoProject/pico-sdk/src/rp2_common/pico_stdio/stdio.c.obj
 *fill*         0x10003f06        0x2 
 .text.stdio_out_chars_crlf
                0x10003f08       0x80 CMakeFiles/hs-sr04.dir/D_/Project/PicoProject/pico-sdk/src/rp2_common/pico_stdio/stdio.c.obj
 .text.stdio_stack_buffer_flush
                0x10003f88       0x44 CMakeFiles/hs-sr04.dir/D_/Project/PicoProject/pico-sdk/src/rp2_common/pico_stdio/stdio.c.obj
 .text.stdio_buffered_printer
                0x10003fcc       0x20 CMakeFiles/hs-sr04.dir/D_/Project/PicoProject/pico-sdk/src/rp2_common/pico_stdio/stdio.c.obj
 .text.stdout_serialize_begin
                0x10003fec       0x30 CMakeFiles/hs-sr04.dir/D_/Project/PicoProject/pico-sdk/src/rp2_common/pico_stdio/stdio.c.obj
                0x10003fec                stdout_serialize_begin
 .text.stdout_serialize_end
                0x1000401c       0x10 CMakeFiles/hs-sr04.dir/D_/Project/PicoProject/pico-sdk/src/rp2_common/pico_stdio/stdio.c.obj
                0x1000401c                stdout_serialize_end
 .text.stdio_put_string
                0x1000402c       0x98 CMakeFiles/hs-sr04.dir/D_/Project/PicoProject/pico-sdk/src/rp2_common/pico_stdio/stdio.c.obj
 .text.stdio_set_driver_enabled
                0x100040c4       0x2c CMakeFiles/hs-sr04.dir/D_/Project/PicoProject/pico-sdk/src/rp2_common/pico_stdio/stdio.c.obj
                0x100040c4                stdio_set_driver_enabled
 .text.stdio_flush
                0x100040f0       0x20 CMakeFiles/hs-sr04.dir/D_/Project/PicoProject/pico-sdk/src/rp2_common/pico_stdio/stdio.c.obj
                0x100040f0                stdio_flush
 .text.__wrap_puts
                0x10004110       0x1e CMakeFiles/hs-sr04.dir/D_/Project/PicoProject/pico-sdk/src/rp2_common/pico_stdio/stdio.c.obj
                0x10004110                __wrap_puts
 *fill*         0x1000412e        0x2 
 .text.__wrap_vprintf
                0x10004130       0x44 CMakeFiles/hs-sr04.dir/D_/Project/PicoProject/pico-sdk/src/rp2_common/pico_stdio/stdio.c.obj
                0x10004130                __wrap_vprintf
 .text.__wrap_printf
                0x10004174       0x18 CMakeFiles/hs-sr04.dir/D_/Project/PicoProject/pico-sdk/src/rp2_common/pico_stdio/stdio.c.obj
                0x10004174                __wrap_printf
 .text.stdio_init_all
                0x1000418c        0x8 CMakeFiles/hs-sr04.dir/D_/Project/PicoProject/pico-sdk/src/rp2_common/pico_stdio/stdio.c.obj
                0x1000418c                stdio_init_all
 .text.stdio_uart_out_chars
                0x10004194       0x74 CMakeFiles/hs-sr04.dir/D_/Project/PicoProject/pico-sdk/src/rp2_common/pico_stdio_uart/stdio_uart.c.obj
 .text.stdio_uart_in_chars
                0x10004208       0x58 CMakeFiles/hs-sr04.dir/D_/Project/PicoProject/pico-sdk/src/rp2_common/pico_stdio_uart/stdio_uart.c.obj
                0x10004208                stdio_uart_in_chars
 .text.stdio_uart_init_full
                0x10004260       0x3c CMakeFiles/hs-sr04.dir/D_/Project/PicoProject/pico-sdk/src/rp2_common/pico_stdio_uart/stdio_uart.c.obj
                0x10004260                stdio_uart_init_full
 .text.stdio_uart_init
                0x1000429c       0x28 CMakeFiles/hs-sr04.dir/D_/Project/PicoProject/pico-sdk/src/rp2_common/pico_stdio_uart/stdio_uart.c.obj
                0x1000429c                stdio_uart_init
 .text._ZN10sr04_sonicC2Eii
                0x100042c4       0x2c pico-sonic\libpico_sonic.a(sonic.cpp.obj)
                0x100042c4                sr04_sonic::sr04_sonic(int, int)
                0x100042c4                sr04_sonic::sr04_sonic(int, int)
 .text._ZN10sr04_sonic8getPulseEii
                0x100042f0       0xac pico-sonic\libpico_sonic.a(sonic.cpp.obj)
                0x100042f0                sr04_sonic::getPulse(int, int)
 .text._ZN10sr04_sonic5getCMEv
                0x1000439c       0x14 pico-sonic\libpico_sonic.a(sonic.cpp.obj)
                0x1000439c                sr04_sonic::getCM()
 .text.strlen   0x100043b0       0x5c c:/progra~2/gnu arm embedded toolchain/10 2020-q4-major/bin/../lib/gcc/arm-none-eabi/10.2.1/../../../../arm-none-eabi/lib/thumb/v6-m/nofp\libg.a(lib_a-strlen-stub.o)
                0x100043b0                strlen
 *(.fini)
 .fini          0x1000440c        0x4 c:/progra~2/gnu arm embedded toolchain/10 2020-q4-major/bin/../lib/gcc/arm-none-eabi/10.2.1/thumb/v6-m/nofp/crti.o
                0x1000440c                _fini
 .fini.__stub   0x10004410       0x50 linker stubs
 *crtbegin.o(.ctors)
 *crtbegin?.o(.ctors)
 *(EXCLUDE_FILE(*crtend.o *crtend?.o) .ctors)
 *(SORT_BY_NAME(.ctors.*))
 *(.ctors)
 *crtbegin.o(.dtors)
 *crtbegin?.o(.dtors)
 *(EXCLUDE_FILE(*crtend.o *crtend?.o) .dtors)
 *(SORT_BY_NAME(.dtors.*))
 *(.dtors)
 *(.eh_frame*)
 .eh_frame      0x10004460        0x0 c:/progra~2/gnu arm embedded toolchain/10 2020-q4-major/bin/../lib/gcc/arm-none-eabi/10.2.1/thumb/v6-m/nofp/crtbegin.o
                0x10004460                . = ALIGN (0x4)

.glue_7         0x10004460        0x0
 .glue_7        0x10004460        0x0 linker stubs

.glue_7t        0x10004460        0x0
 .glue_7t       0x10004460        0x0 linker stubs

.vfp11_veneer   0x10004460        0x0
 .vfp11_veneer  0x10004460        0x0 linker stubs

.v4_bx          0x10004460        0x0
 .v4_bx         0x10004460        0x0 linker stubs

.iplt           0x10004460        0x0
 .iplt          0x10004460        0x0 c:/progra~2/gnu arm embedded toolchain/10 2020-q4-major/bin/../lib/gcc/arm-none-eabi/10.2.1/thumb/v6-m/nofp/crtbegin.o

.rodata         0x10004460      0xf44
 *(EXCLUDE_FILE(*libm.a: *libc.a:*lib_a-mem*.o *libgcc.a:) .rodata*)
 .rodata.main.str1.4
                0x10004460        0xa CMakeFiles/hs-sr04.dir/main.cpp.obj
 *fill*         0x1000446a        0x2 
 .rodata.make_branch.str1.4
                0x1000446c       0x72 CMakeFiles/hs-sr04.dir/D_/Project/PicoProject/pico-sdk/src/rp2_common/hardware_irq/irq.c.obj
 *fill*         0x100044de        0x2 
 .rodata.insert_branch_and_link.str1.4
                0x100044e0       0x10 CMakeFiles/hs-sr04.dir/D_/Project/PicoProject/pico-sdk/src/rp2_common/hardware_irq/irq.c.obj
 .rodata.irq_set_exclusive_handler.str1.4
                0x100044f0       0x36 CMakeFiles/hs-sr04.dir/D_/Project/PicoProject/pico-sdk/src/rp2_common/hardware_irq/irq.c.obj
 *fill*         0x10004526        0x2 
 .rodata.irq_add_shared_handler.str1.4
                0x10004528       0xd9 CMakeFiles/hs-sr04.dir/D_/Project/PicoProject/pico-sdk/src/rp2_common/hardware_irq/irq.c.obj
 *fill*         0x10004601        0x3 
 .rodata.irq_remove_handler.str1.4
                0x10004604       0x2a CMakeFiles/hs-sr04.dir/D_/Project/PicoProject/pico-sdk/src/rp2_common/hardware_irq/irq.c.obj
 *fill*         0x1000462e        0x2 
 .rodata.irq_add_tail_to_free_list.str1.4
                0x10004630       0x3a CMakeFiles/hs-sr04.dir/D_/Project/PicoProject/pico-sdk/src/rp2_common/hardware_irq/irq.c.obj
 *fill*         0x1000466a        0x2 
 .rodata.__func__.0
                0x1000466c       0x1a CMakeFiles/hs-sr04.dir/D_/Project/PicoProject/pico-sdk/src/rp2_common/hardware_irq/irq.c.obj
 *fill*         0x10004686        0x2 
 .rodata.__func__.1
                0x10004688       0x17 CMakeFiles/hs-sr04.dir/D_/Project/PicoProject/pico-sdk/src/rp2_common/hardware_irq/irq.c.obj
 *fill*         0x1000469f        0x1 
 .rodata.__func__.2
                0x100046a0       0x13 CMakeFiles/hs-sr04.dir/D_/Project/PicoProject/pico-sdk/src/rp2_common/hardware_irq/irq.c.obj
 *fill*         0x100046b3        0x1 
 .rodata.__func__.3
                0x100046b4        0xc CMakeFiles/hs-sr04.dir/D_/Project/PicoProject/pico-sdk/src/rp2_common/hardware_irq/irq.c.obj
 .rodata.__func__.4
                0x100046c0        0xf CMakeFiles/hs-sr04.dir/D_/Project/PicoProject/pico-sdk/src/rp2_common/hardware_irq/irq.c.obj
 *fill*         0x100046cf        0x1 
 .rodata.__func__.6
                0x100046d0       0x1a CMakeFiles/hs-sr04.dir/D_/Project/PicoProject/pico-sdk/src/rp2_common/hardware_irq/irq.c.obj
 *fill*         0x100046ea        0x2 
 .rodata.repeating_timer_callback.str1.4
                0x100046ec       0x50 CMakeFiles/hs-sr04.dir/D_/Project/PicoProject/pico-sdk/src/common/pico_time/time.c.obj
 .rodata.alarm_pool_dump_key.str1.4
                0x1000473c       0x33 CMakeFiles/hs-sr04.dir/D_/Project/PicoProject/pico-sdk/src/common/pico_time/time.c.obj
 *fill*         0x1000476f        0x1 
 .rodata.ph_add_child_node.str1.4
                0x10004770       0x9a CMakeFiles/hs-sr04.dir/D_/Project/PicoProject/pico-sdk/src/common/pico_time/time.c.obj
 *fill*         0x1000480a        0x2 
 .rodata.add_alarm_under_lock.str1.4
                0x1000480c       0x28 CMakeFiles/hs-sr04.dir/D_/Project/PicoProject/pico-sdk/src/common/pico_time/time.c.obj
                                 0x2b (size before relaxing)
 .rodata.alarm_pool_alarm_callback.str1.4
                0x10004834       0xea CMakeFiles/hs-sr04.dir/D_/Project/PicoProject/pico-sdk/src/common/pico_time/time.c.obj
 *fill*         0x1000491e        0x2 
 .rodata.alarm_pool_get_default.str1.4
                0x10004920       0x21 CMakeFiles/hs-sr04.dir/D_/Project/PicoProject/pico-sdk/src/common/pico_time/time.c.obj
 *fill*         0x10004941        0x3 
 .rodata.sleep_until.str1.4
                0x10004944       0x4d CMakeFiles/hs-sr04.dir/D_/Project/PicoProject/pico-sdk/src/common/pico_time/time.c.obj
 *fill*         0x10004991        0x3 
 .rodata.__func__.10
                0x10004994       0x15 CMakeFiles/hs-sr04.dir/D_/Project/PicoProject/pico-sdk/src/common/pico_time/time.c.obj
 *fill*         0x100049a9        0x3 
 .rodata.__func__.11
                0x100049ac       0x1a CMakeFiles/hs-sr04.dir/D_/Project/PicoProject/pico-sdk/src/common/pico_time/time.c.obj
 *fill*         0x100049c6        0x2 
 .rodata.__func__.12
                0x100049c8        0xa CMakeFiles/hs-sr04.dir/D_/Project/PicoProject/pico-sdk/src/common/pico_time/time.c.obj
 *fill*         0x100049d2        0x2 
 .rodata.__func__.3
                0x100049d4       0x17 CMakeFiles/hs-sr04.dir/D_/Project/PicoProject/pico-sdk/src/common/pico_time/time.c.obj
 *fill*         0x100049eb        0x1 
 .rodata.__func__.4
                0x100049ec       0x12 CMakeFiles/hs-sr04.dir/D_/Project/PicoProject/pico-sdk/src/common/pico_time/time.c.obj
 *fill*         0x100049fe        0x2 
 .rodata.__func__.5
                0x10004a00        0xd CMakeFiles/hs-sr04.dir/D_/Project/PicoProject/pico-sdk/src/common/pico_time/time.c.obj
 *fill*         0x10004a0d        0x3 
 .rodata.__func__.6
                0x10004a10       0x12 CMakeFiles/hs-sr04.dir/D_/Project/PicoProject/pico-sdk/src/common/pico_time/time.c.obj
 *fill*         0x10004a22        0x2 
 .rodata.__func__.7
                0x10004a24        0xf CMakeFiles/hs-sr04.dir/D_/Project/PicoProject/pico-sdk/src/common/pico_time/time.c.obj
 *fill*         0x10004a33        0x1 
 .rodata.__func__.8
                0x10004a34        0xc CMakeFiles/hs-sr04.dir/D_/Project/PicoProject/pico-sdk/src/common/pico_time/time.c.obj
 .rodata.__func__.9
                0x10004a40       0x15 CMakeFiles/hs-sr04.dir/D_/Project/PicoProject/pico-sdk/src/common/pico_time/time.c.obj
 *fill*         0x10004a55        0x3 
 .rodata.hardware_alarm_claim.str1.4
                0x10004a58       0x22 CMakeFiles/hs-sr04.dir/D_/Project/PicoProject/pico-sdk/src/rp2_common/hardware_timer/timer.c.obj
 *fill*         0x10004a7a        0x2 
 .rodata.hardware_alarm_set_target.str1.4
                0x10004a7c       0x6a CMakeFiles/hs-sr04.dir/D_/Project/PicoProject/pico-sdk/src/rp2_common/hardware_timer/timer.c.obj
 *fill*         0x10004ae6        0x2 
 .rodata.__func__.0
                0x10004ae8       0x1a CMakeFiles/hs-sr04.dir/D_/Project/PicoProject/pico-sdk/src/rp2_common/hardware_timer/timer.c.obj
 .rodata.ph_add_child_node.str1.4
                0x10004b02       0x9a CMakeFiles/hs-sr04.dir/D_/Project/PicoProject/pico-sdk/src/common/pico_util/pheap.c.obj
 *fill*         0x10004b02        0x2 
 .rodata.ph_remove_any_head.str1.4
                0x10004b04       0x94 CMakeFiles/hs-sr04.dir/D_/Project/PicoProject/pico-sdk/src/common/pico_util/pheap.c.obj
 .rodata.ph_remove_and_free_node.str1.4
                0x10004b98       0x1e CMakeFiles/hs-sr04.dir/D_/Project/PicoProject/pico-sdk/src/common/pico_util/pheap.c.obj
                                 0x26 (size before relaxing)
 *fill*         0x10004bb6        0x2 
 .rodata.__func__.0
                0x10004bb8       0x18 CMakeFiles/hs-sr04.dir/D_/Project/PicoProject/pico-sdk/src/common/pico_util/pheap.c.obj
 .rodata.__func__.1
                0x10004bd0       0x13 CMakeFiles/hs-sr04.dir/D_/Project/PicoProject/pico-sdk/src/common/pico_util/pheap.c.obj
 *fill*         0x10004be3        0x1 
 .rodata.__func__.2
                0x10004be4       0x12 CMakeFiles/hs-sr04.dir/D_/Project/PicoProject/pico-sdk/src/common/pico_util/pheap.c.obj
 *fill*         0x10004bf6        0x2 
 .rodata.__func__.3
                0x10004bf8        0xc CMakeFiles/hs-sr04.dir/D_/Project/PicoProject/pico-sdk/src/common/pico_util/pheap.c.obj
 .rodata.str1.4
                0x10004c04       0x91 CMakeFiles/hs-sr04.dir/D_/Project/PicoProject/pico-sdk/src/common/pico_sync/mutex.c.obj
                                 0xf9 (size before relaxing)
 *fill*         0x10004c95        0x3 
 .rodata.__func__.1
                0x10004c98        0xb CMakeFiles/hs-sr04.dir/D_/Project/PicoProject/pico-sdk/src/common/pico_sync/mutex.c.obj
 *fill*         0x10004ca3        0x1 
 .rodata.__assert_func.str1.4
                0x10004ca4       0x3f CMakeFiles/hs-sr04.dir/D_/Project/PicoProject/pico-sdk/src/rp2_common/pico_runtime/runtime.c.obj
                                 0x43 (size before relaxing)
 *fill*         0x10004ce3        0x1 
 .rodata.runtime_init.str1.4
                0x10004ce4       0x66 CMakeFiles/hs-sr04.dir/D_/Project/PicoProject/pico-sdk/src/rp2_common/pico_runtime/runtime.c.obj
 *fill*         0x10004d4a        0x2 
 .rodata.panic.str1.4
                0x10004d4c       0x10 CMakeFiles/hs-sr04.dir/D_/Project/PicoProject/pico-sdk/src/rp2_common/pico_runtime/runtime.c.obj
                                 0x12 (size before relaxing)
 .rodata.__func__.1
                0x10004d5c        0xd CMakeFiles/hs-sr04.dir/D_/Project/PicoProject/pico-sdk/src/rp2_common/pico_runtime/runtime.c.obj
 *fill*         0x10004d69        0x3 
 .rodata.clock_configure.str1.4
                0x10004d6c       0x5c CMakeFiles/hs-sr04.dir/D_/Project/PicoProject/pico-sdk/src/rp2_common/hardware_clocks/clocks.c.obj
 .rodata.__func__.1
                0x10004dc8       0x10 CMakeFiles/hs-sr04.dir/D_/Project/PicoProject/pico-sdk/src/rp2_common/hardware_clocks/clocks.c.obj
 .rodata.pll_init.str1.4
                0x10004dd8      0x13f CMakeFiles/hs-sr04.dir/D_/Project/PicoProject/pico-sdk/src/rp2_common/hardware_pll/pll.c.obj
 *fill*         0x10004f17        0x1 
 .rodata.__func__.0
                0x10004f18        0x9 CMakeFiles/hs-sr04.dir/D_/Project/PicoProject/pico-sdk/src/rp2_common/hardware_pll/pll.c.obj
 *fill*         0x10004f21        0x3 
 .rodata._ftoa.str1.4
                0x10004f24       0x15 CMakeFiles/hs-sr04.dir/D_/Project/PicoProject/pico-sdk/src/rp2_common/pico_printf/printf.c.obj
 *fill*         0x10004f39        0x3 
 .rodata._vsnprintf
                0x10004f3c      0x1e0 CMakeFiles/hs-sr04.dir/D_/Project/PicoProject/pico-sdk/src/rp2_common/pico_printf/printf.c.obj
 *fill*         0x1000511c        0x4 
 .rodata.pow10.0
                0x10005120       0x50 CMakeFiles/hs-sr04.dir/D_/Project/PicoProject/pico-sdk/src/rp2_common/pico_printf/printf.c.obj
 .rodata.__aeabi_double_init.str1.4
                0x10005170       0xad CMakeFiles/hs-sr04.dir/D_/Project/PicoProject/pico-sdk/src/rp2_common/pico_double/double_init_rom.c.obj
 *fill*         0x1000521d        0x3 
 .rodata.__func__.0
                0x10005220       0x14 CMakeFiles/hs-sr04.dir/D_/Project/PicoProject/pico-sdk/src/rp2_common/pico_double/double_init_rom.c.obj
 .rodata.__aeabi_float_init.str1.4
                0x10005234       0x7f CMakeFiles/hs-sr04.dir/D_/Project/PicoProject/pico-sdk/src/rp2_common/pico_float/float_init_rom.c.obj
                                 0x83 (size before relaxing)
 *fill*         0x100052b3        0x1 
 .rodata.__func__.0
                0x100052b4       0x13 CMakeFiles/hs-sr04.dir/D_/Project/PicoProject/pico-sdk/src/rp2_common/pico_float/float_init_rom.c.obj
 *fill*         0x100052c7        0x1 
 .rodata.str1.4
                0x100052c8       0x3c CMakeFiles/hs-sr04.dir/D_/Project/PicoProject/pico-sdk/src/rp2_common/pico_standard_link/binary_info.c.obj
 .rodata.__bi_44
                0x10005304        0xc CMakeFiles/hs-sr04.dir/D_/Project/PicoProject/pico-sdk/src/rp2_common/pico_standard_link/binary_info.c.obj
 .rodata.__bi_75
                0x10005310        0xc CMakeFiles/hs-sr04.dir/D_/Project/PicoProject/pico-sdk/src/rp2_common/pico_standard_link/binary_info.c.obj
 .rodata.__bi_81
                0x1000531c        0xc CMakeFiles/hs-sr04.dir/D_/Project/PicoProject/pico-sdk/src/rp2_common/pico_standard_link/binary_info.c.obj
 .rodata.crlf_str.3
                0x10005328        0x2 CMakeFiles/hs-sr04.dir/D_/Project/PicoProject/pico-sdk/src/rp2_common/pico_stdio/stdio.c.obj
 *fill*         0x1000532a        0x2 
 .rodata.str1.4
                0x1000532c       0x2c CMakeFiles/hs-sr04.dir/D_/Project/PicoProject/pico-sdk/src/rp2_common/pico_stdio_uart/stdio_uart.c.obj
 .rodata.__bi_28.4
                0x10005358        0xc CMakeFiles/hs-sr04.dir/D_/Project/PicoProject/pico-sdk/src/rp2_common/pico_stdio_uart/stdio_uart.c.obj
 .rodata.__bi_29.5
                0x10005364        0x8 CMakeFiles/hs-sr04.dir/D_/Project/PicoProject/pico-sdk/src/rp2_common/pico_stdio_uart/stdio_uart.c.obj
 .rodata._ZN10sr04_sonic8getPulseEii.str1.4
                0x1000536c       0x36 pico-sonic\libpico_sonic.a(sonic.cpp.obj)
                                 0x9e (size before relaxing)
                0x100053a4                . = ALIGN (0x4)
 *fill*         0x100053a2        0x2 
 *(SORT_BY_ALIGNMENT(SORT_BY_NAME(.flashdata*)))
                0x100053a4                . = ALIGN (0x4)

.rel.dyn        0x100053a4        0x0
 .rel.iplt      0x100053a4        0x0 c:/progra~2/gnu arm embedded toolchain/10 2020-q4-major/bin/../lib/gcc/arm-none-eabi/10.2.1/thumb/v6-m/nofp/crtbegin.o

.ARM.extab
 *(.ARM.extab* .gnu.linkonce.armextab.*)
                0x100053a4                __exidx_start = .

.ARM.exidx
 *(.ARM.exidx* .gnu.linkonce.armexidx.*)
                0x100053a4                __exidx_end = .
                0x100053a4                . = ALIGN (0x4)
                0x100053a4                __binary_info_start = .

.binary_info    0x100053a4       0x24
 *(.binary_info.keep.*)
 .binary_info.keep.__bi_ptr22
                0x100053a4        0x4 CMakeFiles/hs-sr04.dir/D_/Project/PicoProject/pico-sdk/src/rp2_common/pico_standard_link/binary_info.c.obj
 .binary_info.keep.__bi_ptr30
                0x100053a8        0x4 CMakeFiles/hs-sr04.dir/D_/Project/PicoProject/pico-sdk/src/rp2_common/pico_standard_link/binary_info.c.obj
 .binary_info.keep.__bi_ptr38
                0x100053ac        0x4 CMakeFiles/hs-sr04.dir/D_/Project/PicoProject/pico-sdk/src/rp2_common/pico_standard_link/binary_info.c.obj
 .binary_info.keep.__bi_ptr44
                0x100053b0        0x4 CMakeFiles/hs-sr04.dir/D_/Project/PicoProject/pico-sdk/src/rp2_common/pico_standard_link/binary_info.c.obj
 .binary_info.keep.__bi_ptr50
                0x100053b4        0x4 CMakeFiles/hs-sr04.dir/D_/Project/PicoProject/pico-sdk/src/rp2_common/pico_standard_link/binary_info.c.obj
 .binary_info.keep.__bi_ptr75
                0x100053b8        0x4 CMakeFiles/hs-sr04.dir/D_/Project/PicoProject/pico-sdk/src/rp2_common/pico_standard_link/binary_info.c.obj
 .binary_info.keep.__bi_ptr81
                0x100053bc        0x4 CMakeFiles/hs-sr04.dir/D_/Project/PicoProject/pico-sdk/src/rp2_common/pico_standard_link/binary_info.c.obj
 *(.binary_info.*)
 .binary_info.__bi_ptr28
                0x100053c0        0x4 CMakeFiles/hs-sr04.dir/D_/Project/PicoProject/pico-sdk/src/rp2_common/pico_stdio_uart/stdio_uart.c.obj
 .binary_info.__bi_ptr29
                0x100053c4        0x4 CMakeFiles/hs-sr04.dir/D_/Project/PicoProject/pico-sdk/src/rp2_common/pico_stdio_uart/stdio_uart.c.obj
                0x100053c8                __binary_info_end = .
                0x100053c8                . = ALIGN (0x4)
                0x100053c8                __etext = .

.ram_vector_table
                0x20000000       0xc0
 *(.ram_vector_table)
 .ram_vector_table
                0x20000000       0xc0 CMakeFiles/hs-sr04.dir/D_/Project/PicoProject/pico-sdk/src/rp2_common/pico_runtime/runtime.c.obj
                0x20000000                ram_vector_table

.data           0x200000c0      0x1cc load address 0x100053c8
                0x200000c0                __data_start__ = .
 *(vtable)
 *(.time_critical*)
 .time_critical.mutex_enter_blocking
                0x200000c0       0x48 CMakeFiles/hs-sr04.dir/D_/Project/PicoProject/pico-sdk/src/common/pico_sync/mutex.c.obj
                0x200000c0                mutex_enter_blocking
 .time_critical.mutex_try_enter
                0x20000108       0x46 CMakeFiles/hs-sr04.dir/D_/Project/PicoProject/pico-sdk/src/common/pico_sync/mutex.c.obj
                0x20000108                mutex_try_enter
 *fill*         0x2000014e        0x2 
 .time_critical.mutex_exit
                0x20000150       0x4c CMakeFiles/hs-sr04.dir/D_/Project/PicoProject/pico-sdk/src/common/pico_sync/mutex.c.obj
                0x20000150                mutex_exit
 *(.text*)
 .text          0x2000019c        0x4 c:/progra~2/gnu arm embedded toolchain/10 2020-q4-major/bin/../lib/gcc/arm-none-eabi/10.2.1/thumb/v6-m/nofp\libgcc.a(_dvmd_tls.o)
                0x2000019c                __aeabi_idiv0
                0x2000019c                __aeabi_ldiv0
 .text.__stub   0x200001a0       0x10 linker stubs
                0x200001b0                . = ALIGN (0x4)
 *(.rodata*)
                0x200001b0                . = ALIGN (0x4)
 *(.data*)
 .data.striped_spin_lock_num
                0x200001b0        0x1 CMakeFiles/hs-sr04.dir/D_/Project/PicoProject/pico-sdk/src/rp2_common/hardware_sync/sync.c.obj
 *fill*         0x200001b1        0x3 
 .data          0x200001b4       0x48 CMakeFiles/hs-sr04.dir/D_/Project/PicoProject/pico-sdk/src/rp2_common/hardware_irq/irq_handler_chain.S.obj
                0x200001b4                irq_handler_chain_slots
                0x200001e4                irq_handler_chain_first_slot
                0x200001ee                irq_handler_chain_remove_tail
 .data.default_alarm_pool
                0x200001fc       0x18 CMakeFiles/hs-sr04.dir/D_/Project/PicoProject/pico-sdk/src/common/pico_time/time.c.obj
 .data.default_alarm_pool_heap
                0x20000214       0x10 CMakeFiles/hs-sr04.dir/D_/Project/PicoProject/pico-sdk/src/common/pico_time/time.c.obj
 *fill*         0x20000224        0xc 
 .data.aeabi_bits_funcs
                0x20000230       0x10 CMakeFiles/hs-sr04.dir/D_/Project/PicoProject/pico-sdk/src/rp2_common/pico_bit_ops/bit_ops_aeabi.S.obj
                0x20000230                aeabi_bits_funcs
                0x20000240                aeabi_bits_funcs_end
 .data.aeabi_mem_funcs
                0x20000240       0x10 CMakeFiles/hs-sr04.dir/D_/Project/PicoProject/pico-sdk/src/rp2_common/pico_mem_ops/mem_ops_aeabi.S.obj
                0x20000240                aeabi_mem_funcs
                0x20000250                aeabi_mem_funcs_end
 .data.stdio_uart
                0x20000250       0x14 CMakeFiles/hs-sr04.dir/D_/Project/PicoProject/pico-sdk/src/rp2_common/pico_stdio_uart/stdio_uart.c.obj
                0x20000250                stdio_uart
 *fill*         0x20000264        0x4 
 .data.timeout  0x20000268        0x8 pico-sonic\libpico_sonic.a(sonic.cpp.obj)
                0x20000268                timeout
                0x20000270                . = ALIGN (0x4)
 *(.after_data.*)
                0x20000270                . = ALIGN (0x4)
                0x20000270                PROVIDE (__mutex_array_start = .)
 *(SORT_BY_NAME(.mutex_array.*))
 *(.mutex_array)
 .mutex_array   0x20000270        0x8 CMakeFiles/hs-sr04.dir/D_/Project/PicoProject/pico-sdk/src/rp2_common/pico_stdio/stdio.c.obj
                0x20000278                PROVIDE (__mutex_array_end = .)
                0x20000278                . = ALIGN (0x4)
                0x20000278                PROVIDE (__preinit_array_start = .)
 *(SORT_BY_NAME(.preinit_array.*))
 .preinit_array.00001
                0x20000278        0x4 CMakeFiles/hs-sr04.dir/D_/Project/PicoProject/pico-sdk/src/rp2_common/pico_mem_ops/mem_ops_aeabi.S.obj
 .preinit_array.00010
                0x2000027c        0x4 CMakeFiles/hs-sr04.dir/D_/Project/PicoProject/pico-sdk/src/rp2_common/pico_bit_ops/bit_ops_aeabi.S.obj
 .preinit_array.00020
                0x20000280        0x4 CMakeFiles/hs-sr04.dir/D_/Project/PicoProject/pico-sdk/src/rp2_common/pico_double/double_aeabi.S.obj
 .preinit_array.00020
                0x20000284        0x4 CMakeFiles/hs-sr04.dir/D_/Project/PicoProject/pico-sdk/src/rp2_common/pico_float/float_aeabi.S.obj
 *(.preinit_array)
                0x20000288                PROVIDE (__preinit_array_end = .)
                0x20000288                . = ALIGN (0x4)
                0x20000288                PROVIDE (__init_array_start = .)
 *(SORT_BY_NAME(.init_array.*))
 *(.init_array)
 .init_array    0x20000288        0x4 c:/progra~2/gnu arm embedded toolchain/10 2020-q4-major/bin/../lib/gcc/arm-none-eabi/10.2.1/thumb/v6-m/nofp/crtbegin.o
                0x2000028c                PROVIDE (__init_array_end = .)
                0x2000028c                . = ALIGN (0x4)
                [!provide]                PROVIDE (__fini_array_start = .)
 *(SORT_BY_NAME(.fini_array.*))
 *(.fini_array)
                [!provide]                PROVIDE (__fini_array_end = .)
 *(.jcr)
                0x2000028c                . = ALIGN (0x4)
                0x2000028c                __data_end__ = .

.igot.plt       0x2000028c        0x0 load address 0x10005594
 .igot.plt      0x2000028c        0x0 c:/progra~2/gnu arm embedded toolchain/10 2020-q4-major/bin/../lib/gcc/arm-none-eabi/10.2.1/thumb/v6-m/nofp/crtbegin.o

.uninitialized_data
                0x2000028c        0x0 load address 0x10005594
                0x2000028c                . = ALIGN (0x4)
 *(.uninitialized_data*)

.scratch_x      0x20040000        0x0 load address 0x10005594
                0x20040000                __scratch_x_start__ = .
 *(.scratch_x.*)
                0x20040000                . = ALIGN (0x4)
                0x20040000                __scratch_x_end__ = .
                0x10005594                __scratch_x_source__ = LOADADDR (.scratch_x)

.scratch_y      0x20041000        0x0 load address 0x10005594
                0x20041000                __scratch_y_start__ = .
 *(.scratch_y.*)
                0x20041000                . = ALIGN (0x4)
                0x20041000                __scratch_y_end__ = .
                0x10005594                __scratch_y_source__ = LOADADDR (.scratch_y)

.bss            0x20000290      0x3d0
                0x20000290                . = ALIGN (0x4)
                0x20000290                __bss_start__ = .
 *(SORT_BY_ALIGNMENT(SORT_BY_NAME(.bss*)))
 .bss.default_alarm_pool_entries
                0x20000290      0x100 CMakeFiles/hs-sr04.dir/D_/Project/PicoProject/pico-sdk/src/common/pico_time/time.c.obj
 .bss           0x20000390       0x1c c:/progra~2/gnu arm embedded toolchain/10 2020-q4-major/bin/../lib/gcc/arm-none-eabi/10.2.1/thumb/v6-m/nofp/crtbegin.o
 .bss.alarm_callbacks
                0x200003ac       0x10 CMakeFiles/hs-sr04.dir/D_/Project/PicoProject/pico-sdk/src/rp2_common/hardware_timer/timer.c.obj
 .bss.configured_freq
                0x200003bc       0x28 CMakeFiles/hs-sr04.dir/D_/Project/PicoProject/pico-sdk/src/rp2_common/hardware_clocks/clocks.c.obj
 .bss.default_alarm_pool_entry_ids_high
                0x200003e4       0x10 CMakeFiles/hs-sr04.dir/D_/Project/PicoProject/pico-sdk/src/common/pico_time/time.c.obj
 .bss.default_alarm_pool_heap_nodes
                0x200003f4       0x30 CMakeFiles/hs-sr04.dir/D_/Project/PicoProject/pico-sdk/src/common/pico_time/time.c.obj
 .bss.drivers   0x20000424        0x4 CMakeFiles/hs-sr04.dir/D_/Project/PicoProject/pico-sdk/src/rp2_common/pico_stdio/stdio.c.obj
 .bss.filter    0x20000428        0x4 CMakeFiles/hs-sr04.dir/D_/Project/PicoProject/pico-sdk/src/rp2_common/pico_stdio/stdio.c.obj
 .bss.pools     0x2000042c       0x10 CMakeFiles/hs-sr04.dir/D_/Project/PicoProject/pico-sdk/src/common/pico_time/time.c.obj
 .bss.sd_table  0x2000043c      0x100 CMakeFiles/hs-sr04.dir/D_/Project/PicoProject/pico-sdk/src/rp2_common/pico_double/double_init_rom.c.obj
                0x2000043c                sd_table
 .bss.sf_clz_func
                0x2000053c        0x4 CMakeFiles/hs-sr04.dir/D_/Project/PicoProject/pico-sdk/src/rp2_common/pico_double/double_init_rom.c.obj
                0x2000053c                sf_clz_func
 .bss.sf_table  0x20000540      0x100 CMakeFiles/hs-sr04.dir/D_/Project/PicoProject/pico-sdk/src/rp2_common/pico_float/float_init_rom.c.obj
                0x20000540                sf_table
 .bss.sleep_notifier
                0x20000640        0x4 CMakeFiles/hs-sr04.dir/D_/Project/PicoProject/pico-sdk/src/common/pico_time/time.c.obj
 .bss.target_hi
                0x20000644       0x10 CMakeFiles/hs-sr04.dir/D_/Project/PicoProject/pico-sdk/src/rp2_common/hardware_timer/timer.c.obj
 .bss.uart_char_to_line_feed
                0x20000654        0x4 CMakeFiles/hs-sr04.dir/D_/Project/PicoProject/pico-sdk/src/rp2_common/hardware_uart/uart.c.obj
                0x20000654                uart_char_to_line_feed
 .bss.uart_instance
                0x20000658        0x4 CMakeFiles/hs-sr04.dir/D_/Project/PicoProject/pico-sdk/src/rp2_common/pico_stdio_uart/stdio_uart.c.obj
 .bss.claimed   0x2000065c        0x1 CMakeFiles/hs-sr04.dir/D_/Project/PicoProject/pico-sdk/src/rp2_common/hardware_timer/timer.c.obj
 .bss.irq_hander_chain_free_slot_head
                0x2000065d        0x1 CMakeFiles/hs-sr04.dir/D_/Project/PicoProject/pico-sdk/src/rp2_common/hardware_irq/irq.c.obj
 .bss.timer_callbacks_pending
                0x2000065e        0x1 CMakeFiles/hs-sr04.dir/D_/Project/PicoProject/pico-sdk/src/rp2_common/hardware_timer/timer.c.obj
 *(COMMON)
                0x20000660                . = ALIGN (0x4)
 *fill*         0x2000065f        0x1 
                0x20000660                __bss_end__ = .

.heap           0x20000660      0x800
                0x20000660                __end__ = .
                0x20000660                end = __end__
 *(.heap*)
 .heap          0x20000660      0x800 CMakeFiles/hs-sr04.dir/D_/Project/PicoProject/pico-sdk/src/rp2_common/pico_standard_link/crt0.S.obj
                0x20000e60                __HeapLimit = .

.stack1_dummy   0x20040000        0x0
 *(.stack1*)

.stack_dummy    0x20041000      0x800
 *(.stack*)
 .stack         0x20041000      0x800 CMakeFiles/hs-sr04.dir/D_/Project/PicoProject/pico-sdk/src/rp2_common/pico_standard_link/crt0.S.obj

.flash_end      0x10005594        0x0
                0x10005594                __flash_binary_end = .
                0x20040000                __StackLimit = (ORIGIN (RAM) + LENGTH (RAM))
                0x20041000                __StackOneTop = (ORIGIN (SCRATCH_X) + LENGTH (SCRATCH_X))
                0x20042000                __StackTop = (ORIGIN (SCRATCH_Y) + LENGTH (SCRATCH_Y))
                0x20041000                __StackOneBottom = (__StackOneTop - SIZEOF (.stack1_dummy))
                0x20041800                __StackBottom = (__StackTop - SIZEOF (.stack_dummy))
                0x20042000                PROVIDE (__stack = __StackTop)
                0x00000001                ASSERT ((__StackLimit >= __HeapLimit), region RAM overflowed)
                0x00000001                ASSERT (((__binary_info_header_end - __logical_binary_start) <= 0x100), Binary info must be in first 256 bytes of the binary)
LOAD CMakeFiles/hs-sr04.dir/main.cpp.obj
LOAD CMakeFiles/hs-sr04.dir/D_/Project/PicoProject/pico-sdk/src/rp2_common/hardware_gpio/gpio.c.obj
LOAD CMakeFiles/hs-sr04.dir/D_/Project/PicoProject/pico-sdk/src/rp2_common/hardware_claim/claim.c.obj
LOAD CMakeFiles/hs-sr04.dir/D_/Project/PicoProject/pico-sdk/src/rp2_common/pico_platform/platform.c.obj
LOAD CMakeFiles/hs-sr04.dir/D_/Project/PicoProject/pico-sdk/src/rp2_common/hardware_sync/sync.c.obj
LOAD CMakeFiles/hs-sr04.dir/D_/Project/PicoProject/pico-sdk/src/rp2_common/hardware_irq/irq.c.obj
LOAD CMakeFiles/hs-sr04.dir/D_/Project/PicoProject/pico-sdk/src/rp2_common/hardware_irq/irq_handler_chain.S.obj
LOAD CMakeFiles/hs-sr04.dir/D_/Project/PicoProject/pico-sdk/src/common/pico_sync/sem.c.obj
LOAD CMakeFiles/hs-sr04.dir/D_/Project/PicoProject/pico-sdk/src/common/pico_sync/lock_core.c.obj
LOAD CMakeFiles/hs-sr04.dir/D_/Project/PicoProject/pico-sdk/src/common/pico_time/time.c.obj
LOAD CMakeFiles/hs-sr04.dir/D_/Project/PicoProject/pico-sdk/src/common/pico_time/timeout_helper.c.obj
LOAD CMakeFiles/hs-sr04.dir/D_/Project/PicoProject/pico-sdk/src/rp2_common/hardware_timer/timer.c.obj
LOAD CMakeFiles/hs-sr04.dir/D_/Project/PicoProject/pico-sdk/src/common/pico_util/datetime.c.obj
LOAD CMakeFiles/hs-sr04.dir/D_/Project/PicoProject/pico-sdk/src/common/pico_util/pheap.c.obj
LOAD CMakeFiles/hs-sr04.dir/D_/Project/PicoProject/pico-sdk/src/common/pico_util/queue.c.obj
LOAD CMakeFiles/hs-sr04.dir/D_/Project/PicoProject/pico-sdk/src/common/pico_sync/mutex.c.obj
LOAD CMakeFiles/hs-sr04.dir/D_/Project/PicoProject/pico-sdk/src/common/pico_sync/critical_section.c.obj
LOAD CMakeFiles/hs-sr04.dir/D_/Project/PicoProject/pico-sdk/src/rp2_common/pico_stdlib/stdlib.c.obj
LOAD CMakeFiles/hs-sr04.dir/D_/Project/PicoProject/pico-sdk/src/rp2_common/hardware_uart/uart.c.obj
LOAD CMakeFiles/hs-sr04.dir/D_/Project/PicoProject/pico-sdk/src/rp2_common/hardware_divider/divider.S.obj
LOAD CMakeFiles/hs-sr04.dir/D_/Project/PicoProject/pico-sdk/src/rp2_common/pico_runtime/runtime.c.obj
LOAD CMakeFiles/hs-sr04.dir/D_/Project/PicoProject/pico-sdk/src/rp2_common/hardware_clocks/clocks.c.obj
LOAD CMakeFiles/hs-sr04.dir/D_/Project/PicoProject/pico-sdk/src/rp2_common/hardware_pll/pll.c.obj
LOAD CMakeFiles/hs-sr04.dir/D_/Project/PicoProject/pico-sdk/src/rp2_common/hardware_vreg/vreg.c.obj
LOAD CMakeFiles/hs-sr04.dir/D_/Project/PicoProject/pico-sdk/src/rp2_common/hardware_watchdog/watchdog.c.obj
LOAD CMakeFiles/hs-sr04.dir/D_/Project/PicoProject/pico-sdk/src/rp2_common/hardware_xosc/xosc.c.obj
LOAD CMakeFiles/hs-sr04.dir/D_/Project/PicoProject/pico-sdk/src/rp2_common/pico_printf/printf.c.obj
LOAD CMakeFiles/hs-sr04.dir/D_/Project/PicoProject/pico-sdk/src/rp2_common/pico_bit_ops/bit_ops_aeabi.S.obj
LOAD CMakeFiles/hs-sr04.dir/D_/Project/PicoProject/pico-sdk/src/rp2_common/pico_bootrom/bootrom.c.obj
LOAD CMakeFiles/hs-sr04.dir/D_/Project/PicoProject/pico-sdk/src/rp2_common/pico_divider/divider.S.obj
LOAD CMakeFiles/hs-sr04.dir/D_/Project/PicoProject/pico-sdk/src/rp2_common/pico_double/double_aeabi.S.obj
LOAD CMakeFiles/hs-sr04.dir/D_/Project/PicoProject/pico-sdk/src/rp2_common/pico_double/double_init_rom.c.obj
LOAD CMakeFiles/hs-sr04.dir/D_/Project/PicoProject/pico-sdk/src/rp2_common/pico_double/double_math.c.obj
LOAD CMakeFiles/hs-sr04.dir/D_/Project/PicoProject/pico-sdk/src/rp2_common/pico_double/double_v1_rom_shim.S.obj
LOAD CMakeFiles/hs-sr04.dir/D_/Project/PicoProject/pico-sdk/src/rp2_common/pico_int64_ops/pico_int64_ops_aeabi.S.obj
LOAD CMakeFiles/hs-sr04.dir/D_/Project/PicoProject/pico-sdk/src/rp2_common/pico_float/float_aeabi.S.obj
LOAD CMakeFiles/hs-sr04.dir/D_/Project/PicoProject/pico-sdk/src/rp2_common/pico_float/float_init_rom.c.obj
LOAD CMakeFiles/hs-sr04.dir/D_/Project/PicoProject/pico-sdk/src/rp2_common/pico_float/float_math.c.obj
LOAD CMakeFiles/hs-sr04.dir/D_/Project/PicoProject/pico-sdk/src/rp2_common/pico_float/float_v1_rom_shim.S.obj
LOAD CMakeFiles/hs-sr04.dir/D_/Project/PicoProject/pico-sdk/src/rp2_common/pico_malloc/pico_malloc.c.obj
LOAD CMakeFiles/hs-sr04.dir/D_/Project/PicoProject/pico-sdk/src/rp2_common/pico_mem_ops/mem_ops_aeabi.S.obj
LOAD CMakeFiles/hs-sr04.dir/D_/Project/PicoProject/pico-sdk/src/rp2_common/pico_standard_link/crt0.S.obj
LOAD CMakeFiles/hs-sr04.dir/D_/Project/PicoProject/pico-sdk/src/rp2_common/pico_standard_link/new_delete.cpp.obj
LOAD CMakeFiles/hs-sr04.dir/D_/Project/PicoProject/pico-sdk/src/rp2_common/pico_standard_link/binary_info.c.obj
LOAD CMakeFiles/hs-sr04.dir/D_/Project/PicoProject/pico-sdk/src/rp2_common/pico_stdio/stdio.c.obj
LOAD CMakeFiles/hs-sr04.dir/D_/Project/PicoProject/pico-sdk/src/rp2_common/pico_stdio_uart/stdio_uart.c.obj
LOAD pico-sonic\libpico_sonic.a
LOAD C:\Users\dell\AppData\Local\Temp\cca5ts1A.o
LOAD c:/progra~2/gnu arm embedded toolchain/10 2020-q4-major/bin/../lib/gcc/arm-none-eabi/10.2.1/../../../../arm-none-eabi/lib/thumb/v6-m/nofp\libstdc++.a
LOAD c:/progra~2/gnu arm embedded toolchain/10 2020-q4-major/bin/../lib/gcc/arm-none-eabi/10.2.1/../../../../arm-none-eabi/lib/thumb/v6-m/nofp\libm.a
START GROUP
LOAD c:/progra~2/gnu arm embedded toolchain/10 2020-q4-major/bin/../lib/gcc/arm-none-eabi/10.2.1/thumb/v6-m/nofp\libgcc.a
LOAD c:/progra~2/gnu arm embedded toolchain/10 2020-q4-major/bin/../lib/gcc/arm-none-eabi/10.2.1/../../../../arm-none-eabi/lib/thumb/v6-m/nofp\libg.a
LOAD c:/progra~2/gnu arm embedded toolchain/10 2020-q4-major/bin/../lib/gcc/arm-none-eabi/10.2.1/../../../../arm-none-eabi/lib/thumb/v6-m/nofp\libc.a
END GROUP
START GROUP
LOAD c:/progra~2/gnu arm embedded toolchain/10 2020-q4-major/bin/../lib/gcc/arm-none-eabi/10.2.1/thumb/v6-m/nofp\libgcc.a
LOAD c:/progra~2/gnu arm embedded toolchain/10 2020-q4-major/bin/../lib/gcc/arm-none-eabi/10.2.1/../../../../arm-none-eabi/lib/thumb/v6-m/nofp\libc.a
LOAD c:/progra~2/gnu arm embedded toolchain/10 2020-q4-major/bin/../lib/gcc/arm-none-eabi/10.2.1/../../../../arm-none-eabi/lib/thumb/v6-m/nofp\libnosys.a
END GROUP
LOAD c:/progra~2/gnu arm embedded toolchain/10 2020-q4-major/bin/../lib/gcc/arm-none-eabi/10.2.1/thumb/v6-m/nofp/crtend.o
LOAD c:/progra~2/gnu arm embedded toolchain/10 2020-q4-major/bin/../lib/gcc/arm-none-eabi/10.2.1/thumb/v6-m/nofp/crtn.o
OUTPUT(hs-sr04.elf elf32-littlearm)
LOAD linker stubs

.ARM.attributes
                0x00000000       0x28
 .ARM.attributes
                0x00000000       0x1e c:/progra~2/gnu arm embedded toolchain/10 2020-q4-major/bin/../lib/gcc/arm-none-eabi/10.2.1/thumb/v6-m/nofp/crti.o
 .ARM.attributes
                0x0000001e       0x2c c:/progra~2/gnu arm embedded toolchain/10 2020-q4-major/bin/../lib/gcc/arm-none-eabi/10.2.1/thumb/v6-m/nofp/crtbegin.o
 .ARM.attributes
                0x0000004a       0x2c CMakeFiles/hs-sr04.dir/main.cpp.obj
 .ARM.attributes
                0x00000076       0x2c CMakeFiles/hs-sr04.dir/D_/Project/PicoProject/pico-sdk/src/rp2_common/hardware_gpio/gpio.c.obj
 .ARM.attributes
                0x000000a2       0x2c CMakeFiles/hs-sr04.dir/D_/Project/PicoProject/pico-sdk/src/rp2_common/hardware_claim/claim.c.obj
 .ARM.attributes
                0x000000ce       0x2c CMakeFiles/hs-sr04.dir/D_/Project/PicoProject/pico-sdk/src/rp2_common/pico_platform/platform.c.obj
 .ARM.attributes
                0x000000fa       0x2c CMakeFiles/hs-sr04.dir/D_/Project/PicoProject/pico-sdk/src/rp2_common/hardware_sync/sync.c.obj
 .ARM.attributes
                0x00000126       0x2c CMakeFiles/hs-sr04.dir/D_/Project/PicoProject/pico-sdk/src/rp2_common/hardware_irq/irq.c.obj
 .ARM.attributes
                0x00000152       0x22 CMakeFiles/hs-sr04.dir/D_/Project/PicoProject/pico-sdk/src/rp2_common/hardware_irq/irq_handler_chain.S.obj
 .ARM.attributes
                0x00000174       0x2c CMakeFiles/hs-sr04.dir/D_/Project/PicoProject/pico-sdk/src/common/pico_sync/lock_core.c.obj
 .ARM.attributes
                0x000001a0       0x2c CMakeFiles/hs-sr04.dir/D_/Project/PicoProject/pico-sdk/src/common/pico_time/time.c.obj
 .ARM.attributes
                0x000001cc       0x2c CMakeFiles/hs-sr04.dir/D_/Project/PicoProject/pico-sdk/src/rp2_common/hardware_timer/timer.c.obj
 .ARM.attributes
                0x000001f8       0x2c CMakeFiles/hs-sr04.dir/D_/Project/PicoProject/pico-sdk/src/common/pico_util/pheap.c.obj
 .ARM.attributes
                0x00000224       0x2c CMakeFiles/hs-sr04.dir/D_/Project/PicoProject/pico-sdk/src/common/pico_sync/mutex.c.obj
 .ARM.attributes
                0x00000250       0x2c CMakeFiles/hs-sr04.dir/D_/Project/PicoProject/pico-sdk/src/rp2_common/hardware_uart/uart.c.obj
 .ARM.attributes
                0x0000027c       0x2c CMakeFiles/hs-sr04.dir/D_/Project/PicoProject/pico-sdk/src/rp2_common/pico_runtime/runtime.c.obj
 .ARM.attributes
                0x000002a8       0x2c CMakeFiles/hs-sr04.dir/D_/Project/PicoProject/pico-sdk/src/rp2_common/hardware_clocks/clocks.c.obj
 .ARM.attributes
                0x000002d4       0x2c CMakeFiles/hs-sr04.dir/D_/Project/PicoProject/pico-sdk/src/rp2_common/hardware_pll/pll.c.obj
 .ARM.attributes
                0x00000300       0x2c CMakeFiles/hs-sr04.dir/D_/Project/PicoProject/pico-sdk/src/rp2_common/hardware_watchdog/watchdog.c.obj
 .ARM.attributes
                0x0000032c       0x2c CMakeFiles/hs-sr04.dir/D_/Project/PicoProject/pico-sdk/src/rp2_common/hardware_xosc/xosc.c.obj
 .ARM.attributes
                0x00000358       0x2c CMakeFiles/hs-sr04.dir/D_/Project/PicoProject/pico-sdk/src/rp2_common/pico_printf/printf.c.obj
 .ARM.attributes
                0x00000384       0x22 CMakeFiles/hs-sr04.dir/D_/Project/PicoProject/pico-sdk/src/rp2_common/pico_bit_ops/bit_ops_aeabi.S.obj
 .ARM.attributes
                0x000003a6       0x2c CMakeFiles/hs-sr04.dir/D_/Project/PicoProject/pico-sdk/src/rp2_common/pico_bootrom/bootrom.c.obj
 .ARM.attributes
                0x000003d2       0x22 CMakeFiles/hs-sr04.dir/D_/Project/PicoProject/pico-sdk/src/rp2_common/pico_divider/divider.S.obj
 .ARM.attributes
                0x000003f4       0x22 CMakeFiles/hs-sr04.dir/D_/Project/PicoProject/pico-sdk/src/rp2_common/pico_double/double_aeabi.S.obj
 .ARM.attributes
                0x00000416       0x2c CMakeFiles/hs-sr04.dir/D_/Project/PicoProject/pico-sdk/src/rp2_common/pico_double/double_init_rom.c.obj
 .ARM.attributes
                0x00000442       0x22 CMakeFiles/hs-sr04.dir/D_/Project/PicoProject/pico-sdk/src/rp2_common/pico_double/double_v1_rom_shim.S.obj
 .ARM.attributes
                0x00000464       0x22 CMakeFiles/hs-sr04.dir/D_/Project/PicoProject/pico-sdk/src/rp2_common/pico_int64_ops/pico_int64_ops_aeabi.S.obj
 .ARM.attributes
                0x00000486       0x22 CMakeFiles/hs-sr04.dir/D_/Project/PicoProject/pico-sdk/src/rp2_common/pico_float/float_aeabi.S.obj
 .ARM.attributes
                0x000004a8       0x2c CMakeFiles/hs-sr04.dir/D_/Project/PicoProject/pico-sdk/src/rp2_common/pico_float/float_init_rom.c.obj
 .ARM.attributes
                0x000004d4       0x22 CMakeFiles/hs-sr04.dir/D_/Project/PicoProject/pico-sdk/src/rp2_common/pico_float/float_v1_rom_shim.S.obj
 .ARM.attributes
                0x000004f6       0x22 CMakeFiles/hs-sr04.dir/D_/Project/PicoProject/pico-sdk/src/rp2_common/pico_mem_ops/mem_ops_aeabi.S.obj
 .ARM.attributes
                0x00000518       0x22 CMakeFiles/hs-sr04.dir/D_/Project/PicoProject/pico-sdk/src/rp2_common/pico_standard_link/crt0.S.obj
 .ARM.attributes
                0x0000053a       0x32 CMakeFiles/hs-sr04.dir/D_/Project/PicoProject/pico-sdk/src/rp2_common/pico_standard_link/binary_info.c.obj
 .ARM.attributes
                0x0000056c       0x2c CMakeFiles/hs-sr04.dir/D_/Project/PicoProject/pico-sdk/src/rp2_common/pico_stdio/stdio.c.obj
 .ARM.attributes
                0x00000598       0x2c CMakeFiles/hs-sr04.dir/D_/Project/PicoProject/pico-sdk/src/rp2_common/pico_stdio_uart/stdio_uart.c.obj
 .ARM.attributes
                0x000005c4       0x2c pico-sonic\libpico_sonic.a(sonic.cpp.obj)
 .ARM.attributes
                0x000005f0       0x22 C:\Users\dell\AppData\Local\Temp\cca5ts1A.o
 .ARM.attributes
                0x00000612       0x1e c:/progra~2/gnu arm embedded toolchain/10 2020-q4-major/bin/../lib/gcc/arm-none-eabi/10.2.1/thumb/v6-m/nofp\libgcc.a(_dvmd_tls.o)
 .ARM.attributes
                0x00000630       0x2c c:/progra~2/gnu arm embedded toolchain/10 2020-q4-major/bin/../lib/gcc/arm-none-eabi/10.2.1/../../../../arm-none-eabi/lib/thumb/v6-m/nofp\libg.a(lib_a-strlen-stub.o)

.comment        0x00000000       0x4d
 .comment       0x00000000       0x4d CMakeFiles/hs-sr04.dir/main.cpp.obj
                                 0x4e (size before relaxing)
 .comment       0x0000004d       0x4e CMakeFiles/hs-sr04.dir/D_/Project/PicoProject/pico-sdk/src/rp2_common/hardware_gpio/gpio.c.obj
 .comment       0x0000004d       0x4e CMakeFiles/hs-sr04.dir/D_/Project/PicoProject/pico-sdk/src/rp2_common/hardware_claim/claim.c.obj
 .comment       0x0000004d       0x4e CMakeFiles/hs-sr04.dir/D_/Project/PicoProject/pico-sdk/src/rp2_common/pico_platform/platform.c.obj
 .comment       0x0000004d       0x4e CMakeFiles/hs-sr04.dir/D_/Project/PicoProject/pico-sdk/src/rp2_common/hardware_sync/sync.c.obj
 .comment       0x0000004d       0x4e CMakeFiles/hs-sr04.dir/D_/Project/PicoProject/pico-sdk/src/rp2_common/hardware_irq/irq.c.obj
 .comment       0x0000004d       0x4e CMakeFiles/hs-sr04.dir/D_/Project/PicoProject/pico-sdk/src/common/pico_sync/lock_core.c.obj
 .comment       0x0000004d       0x4e CMakeFiles/hs-sr04.dir/D_/Project/PicoProject/pico-sdk/src/common/pico_time/time.c.obj
 .comment       0x0000004d       0x4e CMakeFiles/hs-sr04.dir/D_/Project/PicoProject/pico-sdk/src/rp2_common/hardware_timer/timer.c.obj
 .comment       0x0000004d       0x4e CMakeFiles/hs-sr04.dir/D_/Project/PicoProject/pico-sdk/src/common/pico_util/pheap.c.obj
 .comment       0x0000004d       0x4e CMakeFiles/hs-sr04.dir/D_/Project/PicoProject/pico-sdk/src/common/pico_sync/mutex.c.obj
 .comment       0x0000004d       0x4e CMakeFiles/hs-sr04.dir/D_/Project/PicoProject/pico-sdk/src/rp2_common/hardware_uart/uart.c.obj
 .comment       0x0000004d       0x4e CMakeFiles/hs-sr04.dir/D_/Project/PicoProject/pico-sdk/src/rp2_common/pico_runtime/runtime.c.obj
 .comment       0x0000004d       0x4e CMakeFiles/hs-sr04.dir/D_/Project/PicoProject/pico-sdk/src/rp2_common/hardware_clocks/clocks.c.obj
 .comment       0x0000004d       0x4e CMakeFiles/hs-sr04.dir/D_/Project/PicoProject/pico-sdk/src/rp2_common/hardware_pll/pll.c.obj
 .comment       0x0000004d       0x4e CMakeFiles/hs-sr04.dir/D_/Project/PicoProject/pico-sdk/src/rp2_common/hardware_watchdog/watchdog.c.obj
 .comment       0x0000004d       0x4e CMakeFiles/hs-sr04.dir/D_/Project/PicoProject/pico-sdk/src/rp2_common/hardware_xosc/xosc.c.obj
 .comment       0x0000004d       0x4e CMakeFiles/hs-sr04.dir/D_/Project/PicoProject/pico-sdk/src/rp2_common/pico_printf/printf.c.obj
 .comment       0x0000004d       0x4e CMakeFiles/hs-sr04.dir/D_/Project/PicoProject/pico-sdk/src/rp2_common/pico_bootrom/bootrom.c.obj
 .comment       0x0000004d       0x4e CMakeFiles/hs-sr04.dir/D_/Project/PicoProject/pico-sdk/src/rp2_common/pico_double/double_init_rom.c.obj
 .comment       0x0000004d       0x4e CMakeFiles/hs-sr04.dir/D_/Project/PicoProject/pico-sdk/src/rp2_common/pico_float/float_init_rom.c.obj
 .comment       0x0000004d       0x4e CMakeFiles/hs-sr04.dir/D_/Project/PicoProject/pico-sdk/src/rp2_common/pico_standard_link/binary_info.c.obj
 .comment       0x0000004d       0x4e CMakeFiles/hs-sr04.dir/D_/Project/PicoProject/pico-sdk/src/rp2_common/pico_stdio/stdio.c.obj
 .comment       0x0000004d       0x4e CMakeFiles/hs-sr04.dir/D_/Project/PicoProject/pico-sdk/src/rp2_common/pico_stdio_uart/stdio_uart.c.obj
 .comment       0x0000004d       0x4e pico-sonic\libpico_sonic.a(sonic.cpp.obj)

.debug_info     0x00000000    0x14793
 .debug_info    0x00000000      0x241 CMakeFiles/hs-sr04.dir/main.cpp.obj
 .debug_info    0x00000241     0x16d7 CMakeFiles/hs-sr04.dir/D_/Project/PicoProject/pico-sdk/src/rp2_common/hardware_gpio/gpio.c.obj
 .debug_info    0x00001918      0x6bb CMakeFiles/hs-sr04.dir/D_/Project/PicoProject/pico-sdk/src/rp2_common/hardware_claim/claim.c.obj
 .debug_info    0x00001fd3      0x1e3 CMakeFiles/hs-sr04.dir/D_/Project/PicoProject/pico-sdk/src/rp2_common/pico_platform/platform.c.obj
 .debug_info    0x000021b6      0x58e CMakeFiles/hs-sr04.dir/D_/Project/PicoProject/pico-sdk/src/rp2_common/hardware_sync/sync.c.obj
 .debug_info    0x00002744     0x1c49 CMakeFiles/hs-sr04.dir/D_/Project/PicoProject/pico-sdk/src/rp2_common/hardware_irq/irq.c.obj
 .debug_info    0x0000438d       0x26 CMakeFiles/hs-sr04.dir/D_/Project/PicoProject/pico-sdk/src/rp2_common/hardware_irq/irq_handler_chain.S.obj
 .debug_info    0x000043b3      0x1a4 CMakeFiles/hs-sr04.dir/D_/Project/PicoProject/pico-sdk/src/common/pico_sync/lock_core.c.obj
 .debug_info    0x00004557     0x3b3b CMakeFiles/hs-sr04.dir/D_/Project/PicoProject/pico-sdk/src/common/pico_time/time.c.obj
 .debug_info    0x00008092     0x1134 CMakeFiles/hs-sr04.dir/D_/Project/PicoProject/pico-sdk/src/rp2_common/hardware_timer/timer.c.obj
 .debug_info    0x000091c6     0x120c CMakeFiles/hs-sr04.dir/D_/Project/PicoProject/pico-sdk/src/common/pico_util/pheap.c.obj
 .debug_info    0x0000a3d2     0x2022 CMakeFiles/hs-sr04.dir/D_/Project/PicoProject/pico-sdk/src/common/pico_sync/mutex.c.obj
 .debug_info    0x0000c3f4      0xb65 CMakeFiles/hs-sr04.dir/D_/Project/PicoProject/pico-sdk/src/rp2_common/hardware_uart/uart.c.obj
 .debug_info    0x0000cf59      0xa87 CMakeFiles/hs-sr04.dir/D_/Project/PicoProject/pico-sdk/src/rp2_common/pico_runtime/runtime.c.obj
 .debug_info    0x0000d9e0      0xf63 CMakeFiles/hs-sr04.dir/D_/Project/PicoProject/pico-sdk/src/rp2_common/hardware_clocks/clocks.c.obj
 .debug_info    0x0000e943      0x54a CMakeFiles/hs-sr04.dir/D_/Project/PicoProject/pico-sdk/src/rp2_common/hardware_pll/pll.c.obj
 .debug_info    0x0000ee8d      0x4ee CMakeFiles/hs-sr04.dir/D_/Project/PicoProject/pico-sdk/src/rp2_common/hardware_watchdog/watchdog.c.obj
 .debug_info    0x0000f37b      0x1d8 CMakeFiles/hs-sr04.dir/D_/Project/PicoProject/pico-sdk/src/rp2_common/hardware_xosc/xosc.c.obj
 .debug_info    0x0000f553     0x1a5f CMakeFiles/hs-sr04.dir/D_/Project/PicoProject/pico-sdk/src/rp2_common/pico_printf/printf.c.obj
 .debug_info    0x00010fb2       0x22 CMakeFiles/hs-sr04.dir/D_/Project/PicoProject/pico-sdk/src/rp2_common/pico_bit_ops/bit_ops_aeabi.S.obj
 .debug_info    0x00010fd4      0x27c CMakeFiles/hs-sr04.dir/D_/Project/PicoProject/pico-sdk/src/rp2_common/pico_bootrom/bootrom.c.obj
 .debug_info    0x00011250       0x22 CMakeFiles/hs-sr04.dir/D_/Project/PicoProject/pico-sdk/src/rp2_common/pico_divider/divider.S.obj
 .debug_info    0x00011272       0x22 CMakeFiles/hs-sr04.dir/D_/Project/PicoProject/pico-sdk/src/rp2_common/pico_double/double_aeabi.S.obj
 .debug_info    0x00011294      0x2d1 CMakeFiles/hs-sr04.dir/D_/Project/PicoProject/pico-sdk/src/rp2_common/pico_double/double_init_rom.c.obj
 .debug_info    0x00011565       0x22 CMakeFiles/hs-sr04.dir/D_/Project/PicoProject/pico-sdk/src/rp2_common/pico_double/double_v1_rom_shim.S.obj
 .debug_info    0x00011587       0x26 CMakeFiles/hs-sr04.dir/D_/Project/PicoProject/pico-sdk/src/rp2_common/pico_int64_ops/pico_int64_ops_aeabi.S.obj
 .debug_info    0x000115ad       0x22 CMakeFiles/hs-sr04.dir/D_/Project/PicoProject/pico-sdk/src/rp2_common/pico_float/float_aeabi.S.obj
 .debug_info    0x000115cf      0x2eb CMakeFiles/hs-sr04.dir/D_/Project/PicoProject/pico-sdk/src/rp2_common/pico_float/float_init_rom.c.obj
 .debug_info    0x000118ba       0x22 CMakeFiles/hs-sr04.dir/D_/Project/PicoProject/pico-sdk/src/rp2_common/pico_float/float_v1_rom_shim.S.obj
 .debug_info    0x000118dc       0x22 CMakeFiles/hs-sr04.dir/D_/Project/PicoProject/pico-sdk/src/rp2_common/pico_mem_ops/mem_ops_aeabi.S.obj
 .debug_info    0x000118fe       0x22 CMakeFiles/hs-sr04.dir/D_/Project/PicoProject/pico-sdk/src/rp2_common/pico_standard_link/crt0.S.obj
 .debug_info    0x00011920      0x2f6 CMakeFiles/hs-sr04.dir/D_/Project/PicoProject/pico-sdk/src/rp2_common/pico_standard_link/binary_info.c.obj
 .debug_info    0x00011c16     0x12ee CMakeFiles/hs-sr04.dir/D_/Project/PicoProject/pico-sdk/src/rp2_common/pico_stdio/stdio.c.obj
 .debug_info    0x00012f04      0xc57 CMakeFiles/hs-sr04.dir/D_/Project/PicoProject/pico-sdk/src/rp2_common/pico_stdio_uart/stdio_uart.c.obj
 .debug_info    0x00013b5b      0xc38 pico-sonic\libpico_sonic.a(sonic.cpp.obj)

.debug_abbrev   0x00000000     0x4352
 .debug_abbrev  0x00000000      0x17b CMakeFiles/hs-sr04.dir/main.cpp.obj
 .debug_abbrev  0x0000017b      0x326 CMakeFiles/hs-sr04.dir/D_/Project/PicoProject/pico-sdk/src/rp2_common/hardware_gpio/gpio.c.obj
 .debug_abbrev  0x000004a1      0x2e9 CMakeFiles/hs-sr04.dir/D_/Project/PicoProject/pico-sdk/src/rp2_common/hardware_claim/claim.c.obj
 .debug_abbrev  0x0000078a       0xeb CMakeFiles/hs-sr04.dir/D_/Project/PicoProject/pico-sdk/src/rp2_common/pico_platform/platform.c.obj
 .debug_abbrev  0x00000875      0x21b CMakeFiles/hs-sr04.dir/D_/Project/PicoProject/pico-sdk/src/rp2_common/hardware_sync/sync.c.obj
 .debug_abbrev  0x00000a90      0x4fc CMakeFiles/hs-sr04.dir/D_/Project/PicoProject/pico-sdk/src/rp2_common/hardware_irq/irq.c.obj
 .debug_abbrev  0x00000f8c       0x14 CMakeFiles/hs-sr04.dir/D_/Project/PicoProject/pico-sdk/src/rp2_common/hardware_irq/irq_handler_chain.S.obj
 .debug_abbrev  0x00000fa0      0x116 CMakeFiles/hs-sr04.dir/D_/Project/PicoProject/pico-sdk/src/common/pico_sync/lock_core.c.obj
 .debug_abbrev  0x000010b6      0x54d CMakeFiles/hs-sr04.dir/D_/Project/PicoProject/pico-sdk/src/common/pico_time/time.c.obj
 .debug_abbrev  0x00001603      0x3a2 CMakeFiles/hs-sr04.dir/D_/Project/PicoProject/pico-sdk/src/rp2_common/hardware_timer/timer.c.obj
 .debug_abbrev  0x000019a5      0x297 CMakeFiles/hs-sr04.dir/D_/Project/PicoProject/pico-sdk/src/common/pico_util/pheap.c.obj
 .debug_abbrev  0x00001c3c      0x386 CMakeFiles/hs-sr04.dir/D_/Project/PicoProject/pico-sdk/src/common/pico_sync/mutex.c.obj
 .debug_abbrev  0x00001fc2      0x2d2 CMakeFiles/hs-sr04.dir/D_/Project/PicoProject/pico-sdk/src/rp2_common/hardware_uart/uart.c.obj
 .debug_abbrev  0x00002294      0x3aa CMakeFiles/hs-sr04.dir/D_/Project/PicoProject/pico-sdk/src/rp2_common/pico_runtime/runtime.c.obj
 .debug_abbrev  0x0000263e      0x3a5 CMakeFiles/hs-sr04.dir/D_/Project/PicoProject/pico-sdk/src/rp2_common/hardware_clocks/clocks.c.obj
 .debug_abbrev  0x000029e3      0x1ea CMakeFiles/hs-sr04.dir/D_/Project/PicoProject/pico-sdk/src/rp2_common/hardware_pll/pll.c.obj
 .debug_abbrev  0x00002bcd      0x1a8 CMakeFiles/hs-sr04.dir/D_/Project/PicoProject/pico-sdk/src/rp2_common/hardware_watchdog/watchdog.c.obj
 .debug_abbrev  0x00002d75      0x109 CMakeFiles/hs-sr04.dir/D_/Project/PicoProject/pico-sdk/src/rp2_common/hardware_xosc/xosc.c.obj
 .debug_abbrev  0x00002e7e      0x384 CMakeFiles/hs-sr04.dir/D_/Project/PicoProject/pico-sdk/src/rp2_common/pico_printf/printf.c.obj
 .debug_abbrev  0x00003202       0x12 CMakeFiles/hs-sr04.dir/D_/Project/PicoProject/pico-sdk/src/rp2_common/pico_bit_ops/bit_ops_aeabi.S.obj
 .debug_abbrev  0x00003214      0x13b CMakeFiles/hs-sr04.dir/D_/Project/PicoProject/pico-sdk/src/rp2_common/pico_bootrom/bootrom.c.obj
 .debug_abbrev  0x0000334f       0x12 CMakeFiles/hs-sr04.dir/D_/Project/PicoProject/pico-sdk/src/rp2_common/pico_divider/divider.S.obj
 .debug_abbrev  0x00003361       0x12 CMakeFiles/hs-sr04.dir/D_/Project/PicoProject/pico-sdk/src/rp2_common/pico_double/double_aeabi.S.obj
 .debug_abbrev  0x00003373      0x179 CMakeFiles/hs-sr04.dir/D_/Project/PicoProject/pico-sdk/src/rp2_common/pico_double/double_init_rom.c.obj
 .debug_abbrev  0x000034ec       0x12 CMakeFiles/hs-sr04.dir/D_/Project/PicoProject/pico-sdk/src/rp2_common/pico_double/double_v1_rom_shim.S.obj
 .debug_abbrev  0x000034fe       0x14 CMakeFiles/hs-sr04.dir/D_/Project/PicoProject/pico-sdk/src/rp2_common/pico_int64_ops/pico_int64_ops_aeabi.S.obj
 .debug_abbrev  0x00003512       0x12 CMakeFiles/hs-sr04.dir/D_/Project/PicoProject/pico-sdk/src/rp2_common/pico_float/float_aeabi.S.obj
 .debug_abbrev  0x00003524      0x18c CMakeFiles/hs-sr04.dir/D_/Project/PicoProject/pico-sdk/src/rp2_common/pico_float/float_init_rom.c.obj
 .debug_abbrev  0x000036b0       0x12 CMakeFiles/hs-sr04.dir/D_/Project/PicoProject/pico-sdk/src/rp2_common/pico_float/float_v1_rom_shim.S.obj
 .debug_abbrev  0x000036c2       0x12 CMakeFiles/hs-sr04.dir/D_/Project/PicoProject/pico-sdk/src/rp2_common/pico_mem_ops/mem_ops_aeabi.S.obj
 .debug_abbrev  0x000036d4       0x12 CMakeFiles/hs-sr04.dir/D_/Project/PicoProject/pico-sdk/src/rp2_common/pico_standard_link/crt0.S.obj
 .debug_abbrev  0x000036e6       0xad CMakeFiles/hs-sr04.dir/D_/Project/PicoProject/pico-sdk/src/rp2_common/pico_standard_link/binary_info.c.obj
 .debug_abbrev  0x00003793      0x4a9 CMakeFiles/hs-sr04.dir/D_/Project/PicoProject/pico-sdk/src/rp2_common/pico_stdio/stdio.c.obj
 .debug_abbrev  0x00003c3c      0x373 CMakeFiles/hs-sr04.dir/D_/Project/PicoProject/pico-sdk/src/rp2_common/pico_stdio_uart/stdio_uart.c.obj
 .debug_abbrev  0x00003faf      0x3a3 pico-sonic\libpico_sonic.a(sonic.cpp.obj)

.debug_aranges  0x00000000      0xe10
 .debug_aranges
                0x00000000       0x20 CMakeFiles/hs-sr04.dir/main.cpp.obj
 .debug_aranges
                0x00000020      0x100 CMakeFiles/hs-sr04.dir/D_/Project/PicoProject/pico-sdk/src/rp2_common/hardware_gpio/gpio.c.obj
 .debug_aranges
                0x00000120       0x48 CMakeFiles/hs-sr04.dir/D_/Project/PicoProject/pico-sdk/src/rp2_common/hardware_claim/claim.c.obj
 .debug_aranges
                0x00000168       0x28 CMakeFiles/hs-sr04.dir/D_/Project/PicoProject/pico-sdk/src/rp2_common/pico_platform/platform.c.obj
 .debug_aranges
                0x00000190       0x58 CMakeFiles/hs-sr04.dir/D_/Project/PicoProject/pico-sdk/src/rp2_common/hardware_sync/sync.c.obj
 .debug_aranges
                0x000001e8       0xc8 CMakeFiles/hs-sr04.dir/D_/Project/PicoProject/pico-sdk/src/rp2_common/hardware_irq/irq.c.obj
 .debug_aranges
                0x000002b0       0x20 CMakeFiles/hs-sr04.dir/D_/Project/PicoProject/pico-sdk/src/rp2_common/hardware_irq/irq_handler_chain.S.obj
 .debug_aranges
                0x000002d0       0x20 CMakeFiles/hs-sr04.dir/D_/Project/PicoProject/pico-sdk/src/common/pico_sync/lock_core.c.obj
 .debug_aranges
                0x000002f0       0xd0 CMakeFiles/hs-sr04.dir/D_/Project/PicoProject/pico-sdk/src/common/pico_time/time.c.obj
 .debug_aranges
                0x000003c0       0x78 CMakeFiles/hs-sr04.dir/D_/Project/PicoProject/pico-sdk/src/rp2_common/hardware_timer/timer.c.obj
 .debug_aranges
                0x00000438       0x78 CMakeFiles/hs-sr04.dir/D_/Project/PicoProject/pico-sdk/src/common/pico_util/pheap.c.obj
 .debug_aranges
                0x000004b0       0x88 CMakeFiles/hs-sr04.dir/D_/Project/PicoProject/pico-sdk/src/common/pico_sync/mutex.c.obj
 .debug_aranges
                0x00000538       0x40 CMakeFiles/hs-sr04.dir/D_/Project/PicoProject/pico-sdk/src/rp2_common/hardware_uart/uart.c.obj
 .debug_aranges
                0x00000578       0x60 CMakeFiles/hs-sr04.dir/D_/Project/PicoProject/pico-sdk/src/rp2_common/pico_runtime/runtime.c.obj
 .debug_aranges
                0x000005d8       0x70 CMakeFiles/hs-sr04.dir/D_/Project/PicoProject/pico-sdk/src/rp2_common/hardware_clocks/clocks.c.obj
 .debug_aranges
                0x00000648       0x28 CMakeFiles/hs-sr04.dir/D_/Project/PicoProject/pico-sdk/src/rp2_common/hardware_pll/pll.c.obj
 .debug_aranges
                0x00000670       0x58 CMakeFiles/hs-sr04.dir/D_/Project/PicoProject/pico-sdk/src/rp2_common/hardware_watchdog/watchdog.c.obj
 .debug_aranges
                0x000006c8       0x30 CMakeFiles/hs-sr04.dir/D_/Project/PicoProject/pico-sdk/src/rp2_common/hardware_xosc/xosc.c.obj
 .debug_aranges
                0x000006f8       0x90 CMakeFiles/hs-sr04.dir/D_/Project/PicoProject/pico-sdk/src/rp2_common/pico_printf/printf.c.obj
 .debug_aranges
                0x00000788       0x68 CMakeFiles/hs-sr04.dir/D_/Project/PicoProject/pico-sdk/src/rp2_common/pico_bit_ops/bit_ops_aeabi.S.obj
 .debug_aranges
                0x000007f0       0x30 CMakeFiles/hs-sr04.dir/D_/Project/PicoProject/pico-sdk/src/rp2_common/pico_bootrom/bootrom.c.obj
 .debug_aranges
                0x00000820       0x40 CMakeFiles/hs-sr04.dir/D_/Project/PicoProject/pico-sdk/src/rp2_common/pico_divider/divider.S.obj
 .debug_aranges
                0x00000860      0x140 CMakeFiles/hs-sr04.dir/D_/Project/PicoProject/pico-sdk/src/rp2_common/pico_double/double_aeabi.S.obj
 .debug_aranges
                0x000009a0       0x20 CMakeFiles/hs-sr04.dir/D_/Project/PicoProject/pico-sdk/src/rp2_common/pico_double/double_init_rom.c.obj
 .debug_aranges
                0x000009c0       0xc8 CMakeFiles/hs-sr04.dir/D_/Project/PicoProject/pico-sdk/src/rp2_common/pico_double/double_v1_rom_shim.S.obj
 .debug_aranges
                0x00000a88       0x20 CMakeFiles/hs-sr04.dir/D_/Project/PicoProject/pico-sdk/src/rp2_common/pico_int64_ops/pico_int64_ops_aeabi.S.obj
 .debug_aranges
                0x00000aa8      0x130 CMakeFiles/hs-sr04.dir/D_/Project/PicoProject/pico-sdk/src/rp2_common/pico_float/float_aeabi.S.obj
 .debug_aranges
                0x00000bd8       0x20 CMakeFiles/hs-sr04.dir/D_/Project/PicoProject/pico-sdk/src/rp2_common/pico_float/float_init_rom.c.obj
 .debug_aranges
                0x00000bf8       0x50 CMakeFiles/hs-sr04.dir/D_/Project/PicoProject/pico-sdk/src/rp2_common/pico_float/float_v1_rom_shim.S.obj
 .debug_aranges
                0x00000c48       0x38 CMakeFiles/hs-sr04.dir/D_/Project/PicoProject/pico-sdk/src/rp2_common/pico_mem_ops/mem_ops_aeabi.S.obj
 .debug_aranges
                0x00000c80       0x28 CMakeFiles/hs-sr04.dir/D_/Project/PicoProject/pico-sdk/src/rp2_common/pico_standard_link/crt0.S.obj
 .debug_aranges
                0x00000ca8       0x18 CMakeFiles/hs-sr04.dir/D_/Project/PicoProject/pico-sdk/src/rp2_common/pico_standard_link/binary_info.c.obj
 .debug_aranges
                0x00000cc0       0xd0 CMakeFiles/hs-sr04.dir/D_/Project/PicoProject/pico-sdk/src/rp2_common/pico_stdio/stdio.c.obj
 .debug_aranges
                0x00000d90       0x48 CMakeFiles/hs-sr04.dir/D_/Project/PicoProject/pico-sdk/src/rp2_common/pico_stdio_uart/stdio_uart.c.obj
 .debug_aranges
                0x00000dd8       0x38 pico-sonic\libpico_sonic.a(sonic.cpp.obj)

.debug_ranges   0x00000000     0x2fd0
 .debug_ranges  0x00000000       0x10 CMakeFiles/hs-sr04.dir/main.cpp.obj
 .debug_ranges  0x00000010      0x150 CMakeFiles/hs-sr04.dir/D_/Project/PicoProject/pico-sdk/src/rp2_common/hardware_gpio/gpio.c.obj
 .debug_ranges  0x00000160       0xd8 CMakeFiles/hs-sr04.dir/D_/Project/PicoProject/pico-sdk/src/rp2_common/hardware_claim/claim.c.obj
 .debug_ranges  0x00000238       0x18 CMakeFiles/hs-sr04.dir/D_/Project/PicoProject/pico-sdk/src/rp2_common/pico_platform/platform.c.obj
 .debug_ranges  0x00000250       0xf0 CMakeFiles/hs-sr04.dir/D_/Project/PicoProject/pico-sdk/src/rp2_common/hardware_sync/sync.c.obj
 .debug_ranges  0x00000340      0x400 CMakeFiles/hs-sr04.dir/D_/Project/PicoProject/pico-sdk/src/rp2_common/hardware_irq/irq.c.obj
 .debug_ranges  0x00000740       0x10 CMakeFiles/hs-sr04.dir/D_/Project/PicoProject/pico-sdk/src/common/pico_sync/lock_core.c.obj
 .debug_ranges  0x00000750      0xba0 CMakeFiles/hs-sr04.dir/D_/Project/PicoProject/pico-sdk/src/common/pico_time/time.c.obj
 .debug_ranges  0x000012f0      0x320 CMakeFiles/hs-sr04.dir/D_/Project/PicoProject/pico-sdk/src/rp2_common/hardware_timer/timer.c.obj
 .debug_ranges  0x00001610      0x248 CMakeFiles/hs-sr04.dir/D_/Project/PicoProject/pico-sdk/src/common/pico_util/pheap.c.obj
 .debug_ranges  0x00001858      0xab8 CMakeFiles/hs-sr04.dir/D_/Project/PicoProject/pico-sdk/src/common/pico_sync/mutex.c.obj
 .debug_ranges  0x00002310       0xf8 CMakeFiles/hs-sr04.dir/D_/Project/PicoProject/pico-sdk/src/rp2_common/hardware_uart/uart.c.obj
 .debug_ranges  0x00002408       0x80 CMakeFiles/hs-sr04.dir/D_/Project/PicoProject/pico-sdk/src/rp2_common/pico_runtime/runtime.c.obj
 .debug_ranges  0x00002488       0x60 CMakeFiles/hs-sr04.dir/D_/Project/PicoProject/pico-sdk/src/rp2_common/hardware_clocks/clocks.c.obj
 .debug_ranges  0x000024e8       0x30 CMakeFiles/hs-sr04.dir/D_/Project/PicoProject/pico-sdk/src/rp2_common/hardware_pll/pll.c.obj
 .debug_ranges  0x00002518       0x48 CMakeFiles/hs-sr04.dir/D_/Project/PicoProject/pico-sdk/src/rp2_common/hardware_watchdog/watchdog.c.obj
 .debug_ranges  0x00002560       0x20 CMakeFiles/hs-sr04.dir/D_/Project/PicoProject/pico-sdk/src/rp2_common/hardware_xosc/xosc.c.obj
 .debug_ranges  0x00002580      0x108 CMakeFiles/hs-sr04.dir/D_/Project/PicoProject/pico-sdk/src/rp2_common/pico_printf/printf.c.obj
 .debug_ranges  0x00002688       0x60 CMakeFiles/hs-sr04.dir/D_/Project/PicoProject/pico-sdk/src/rp2_common/pico_bit_ops/bit_ops_aeabi.S.obj
 .debug_ranges  0x000026e8       0x38 CMakeFiles/hs-sr04.dir/D_/Project/PicoProject/pico-sdk/src/rp2_common/pico_bootrom/bootrom.c.obj
 .debug_ranges  0x00002720       0x38 CMakeFiles/hs-sr04.dir/D_/Project/PicoProject/pico-sdk/src/rp2_common/pico_divider/divider.S.obj
 .debug_ranges  0x00002758      0x138 CMakeFiles/hs-sr04.dir/D_/Project/PicoProject/pico-sdk/src/rp2_common/pico_double/double_aeabi.S.obj